Archive member included to satisfy reference by file (symbol)

prebuild\libs\DC\libfm_at_command-3.1.a(fm_at_command_port.flash.o)
                              out\obj\DC\custom\custom_main\src\p2xdemo.flash.o (fm_get_sim_state)
prebuild\libs\DC\libfm_fs-3.1.a(fm_fs_port.flash.o)
                              out\obj\DC\custom\custom_main\src\p2xdemo.flash.o (fm_open)
prebuild\libs\DC\libfm_mqtt-3.1.a(fm_mqtt_port.flash.o)
                              out\obj\DC\custom\custom_main\src\p2xdemo.flash.o (fm_get_mqtt_server)
prebuild\libs\DC\libfm_mqtt-3.1.a(transport_interface_asr.flash.o)
                              prebuild\libs\DC\libfm_mqtt-3.1.a(fm_mqtt_port.flash.o) (transport_open_func)
prebuild\libs\DC\libfm_mqtt-3.1.a(core_mqtt.flash.o)
                              prebuild\libs\DC\libfm_mqtt-3.1.a(fm_mqtt_port.flash.o) (MQTT_Init)
prebuild\libs\DC\libfm_mqtt-3.1.a(core_mqtt_serializer.flash.o)
                              prebuild\libs\DC\libfm_mqtt-3.1.a(core_mqtt.flash.o) (MQTT_GetConnectPacketSize)
prebuild\libs\DC\libfm_mqtt-3.1.a(core_mqtt_state.flash.o)
                              prebuild\libs\DC\libfm_mqtt-3.1.a(core_mqtt.flash.o) (MQTT_ReserveState)
prebuild\libs\DC\libfm_p2x_cfg-3.1.a(fm_p2x_cfg_port.flash.o)
                              out\obj\DC\custom\custom_main\src\p2xdemo.flash.o (fm_get_prefer_operator_policy)
prebuild\libs\DC\libfm_pthread-3.1.a(fm_pthread_port.flash.o)
                              out\obj\DC\custom\custom_main\src\p2xdemo.flash.o (fm_pthread_create)
d:/ml307r/ml307r_opencpu/ml307r_opencpu/ml307r_opencpu/tools/toolchain/gcc-arm-none-eabi/bin/../lib/gcc/arm-none-eabi/8.3.1/../../../../arm-none-eabi/lib/thumb/v7/nofp\libm.a(lib_a-w_pow.o)
                              out\obj\DC\src\modem\cm_modem.flash.o (pow)
d:/ml307r/ml307r_opencpu/ml307r_opencpu/ml307r_opencpu/tools/toolchain/gcc-arm-none-eabi/bin/../lib/gcc/arm-none-eabi/8.3.1/../../../../arm-none-eabi/lib/thumb/v7/nofp\libm.a(lib_a-e_pow.o)
                              d:/ml307r/ml307r_opencpu/ml307r_opencpu/ml307r_opencpu/tools/toolchain/gcc-arm-none-eabi/bin/../lib/gcc/arm-none-eabi/8.3.1/../../../../arm-none-eabi/lib/thumb/v7/nofp\libm.a(lib_a-w_pow.o) (__ieee754_pow)
d:/ml307r/ml307r_opencpu/ml307r_opencpu/ml307r_opencpu/tools/toolchain/gcc-arm-none-eabi/bin/../lib/gcc/arm-none-eabi/8.3.1/../../../../arm-none-eabi/lib/thumb/v7/nofp\libm.a(lib_a-e_sqrt.o)
                              d:/ml307r/ml307r_opencpu/ml307r_opencpu/ml307r_opencpu/tools/toolchain/gcc-arm-none-eabi/bin/../lib/gcc/arm-none-eabi/8.3.1/../../../../arm-none-eabi/lib/thumb/v7/nofp\libm.a(lib_a-e_pow.o) (__ieee754_sqrt)
d:/ml307r/ml307r_opencpu/ml307r_opencpu/ml307r_opencpu/tools/toolchain/gcc-arm-none-eabi/bin/../lib/gcc/arm-none-eabi/8.3.1/../../../../arm-none-eabi/lib/thumb/v7/nofp\libm.a(lib_a-s_fabs.o)
                              d:/ml307r/ml307r_opencpu/ml307r_opencpu/ml307r_opencpu/tools/toolchain/gcc-arm-none-eabi/bin/../lib/gcc/arm-none-eabi/8.3.1/../../../../arm-none-eabi/lib/thumb/v7/nofp\libm.a(lib_a-e_pow.o) (fabs)
d:/ml307r/ml307r_opencpu/ml307r_opencpu/ml307r_opencpu/tools/toolchain/gcc-arm-none-eabi/bin/../lib/gcc/arm-none-eabi/8.3.1/../../../../arm-none-eabi/lib/thumb/v7/nofp\libm.a(lib_a-s_finite.o)
                              d:/ml307r/ml307r_opencpu/ml307r_opencpu/ml307r_opencpu/tools/toolchain/gcc-arm-none-eabi/bin/../lib/gcc/arm-none-eabi/8.3.1/../../../../arm-none-eabi/lib/thumb/v7/nofp\libm.a(lib_a-w_pow.o) (finite)
d:/ml307r/ml307r_opencpu/ml307r_opencpu/ml307r_opencpu/tools/toolchain/gcc-arm-none-eabi/bin/../lib/gcc/arm-none-eabi/8.3.1/../../../../arm-none-eabi/lib/thumb/v7/nofp\libm.a(lib_a-s_lib_ver.o)
                              d:/ml307r/ml307r_opencpu/ml307r_opencpu/ml307r_opencpu/tools/toolchain/gcc-arm-none-eabi/bin/../lib/gcc/arm-none-eabi/8.3.1/../../../../arm-none-eabi/lib/thumb/v7/nofp\libm.a(lib_a-w_pow.o) (__fdlib_version)
d:/ml307r/ml307r_opencpu/ml307r_opencpu/ml307r_opencpu/tools/toolchain/gcc-arm-none-eabi/bin/../lib/gcc/arm-none-eabi/8.3.1/../../../../arm-none-eabi/lib/thumb/v7/nofp\libm.a(lib_a-s_nan.o)
                              d:/ml307r/ml307r_opencpu/ml307r_opencpu/ml307r_opencpu/tools/toolchain/gcc-arm-none-eabi/bin/../lib/gcc/arm-none-eabi/8.3.1/../../../../arm-none-eabi/lib/thumb/v7/nofp\libm.a(lib_a-e_pow.o) (nan)
d:/ml307r/ml307r_opencpu/ml307r_opencpu/ml307r_opencpu/tools/toolchain/gcc-arm-none-eabi/bin/../lib/gcc/arm-none-eabi/8.3.1/../../../../arm-none-eabi/lib/thumb/v7/nofp\libm.a(lib_a-s_rint.o)
                              d:/ml307r/ml307r_opencpu/ml307r_opencpu/ml307r_opencpu/tools/toolchain/gcc-arm-none-eabi/bin/../lib/gcc/arm-none-eabi/8.3.1/../../../../arm-none-eabi/lib/thumb/v7/nofp\libm.a(lib_a-w_pow.o) (rint)
d:/ml307r/ml307r_opencpu/ml307r_opencpu/ml307r_opencpu/tools/toolchain/gcc-arm-none-eabi/bin/../lib/gcc/arm-none-eabi/8.3.1/../../../../arm-none-eabi/lib/thumb/v7/nofp\libm.a(lib_a-s_scalbn.o)
[...]
Memory Configuration

Name             Origin             Length             Attributes
ram              0x7e1d2000         0x00040000         xrw
flash            0x802d6000         0x00080000         xrw
*default*        0x00000000         0xffffffff

Linker script and memory map

LOAD out\obj\DC\src\cm_lib\cm_async_dns_adapt\async_dns_adapt.flash.o
LOAD out\obj\DC\src\cm_lib\cm_ntp\cm_ntp.flash.o
LOAD out\obj\DC\src\modem\cm_modem.flash.o
LOAD out\obj\DC\third-party\mbedtls\library\aes.flash.o
LOAD out\obj\DC\third-party\mbedtls\library\asn1parse.flash.o
LOAD out\obj\DC\third-party\mbedtls\library\base64.flash.o
LOAD out\obj\DC\third-party\mbedtls\library\bignum.flash.o
LOAD out\obj\DC\third-party\mbedtls\library\cipher.flash.o
LOAD out\obj\DC\third-party\mbedtls\library\cipher_wrap.flash.o
LOAD out\obj\DC\third-party\mbedtls\library\ctr_drbg.flash.o
LOAD out\obj\DC\third-party\mbedtls\library\debug.flash.o
LOAD out\obj\DC\third-party\mbedtls\library\entropy.flash.o
LOAD out\obj\DC\third-party\mbedtls\library\error.flash.o
LOAD out\obj\DC\third-party\mbedtls\library\md.flash.o
LOAD out\obj\DC\third-party\mbedtls\library\md_wrap.flash.o
LOAD out\obj\DC\third-party\mbedtls\library\oid.flash.o
LOAD out\obj\DC\third-party\mbedtls\library\pem.flash.o
LOAD out\obj\DC\third-party\mbedtls\library\pk.flash.o
LOAD out\obj\DC\third-party\mbedtls\library\pk_wrap.flash.o
LOAD out\obj\DC\third-party\mbedtls\library\pkparse.flash.o
LOAD out\obj\DC\third-party\mbedtls\library\platform.flash.o
LOAD out\obj\DC\third-party\mbedtls\library\platform_util.flash.o
LOAD out\obj\DC\third-party\mbedtls\library\rsa.flash.o
LOAD out\obj\DC\third-party\mbedtls\library\rsa_internal.flash.o
LOAD out\obj\DC\third-party\mbedtls\library\sha1.flash.o
LOAD out\obj\DC\third-party\mbedtls\library\sha256.flash.o
LOAD out\obj\DC\third-party\mbedtls\library\ssl_ciphersuites.flash.o
LOAD out\obj\DC\third-party\mbedtls\library\ssl_cli.flash.o
LOAD out\obj\DC\third-party\mbedtls\library\ssl_cookie.flash.o
LOAD out\obj\DC\third-party\mbedtls\library\ssl_tls.flash.o
LOAD out\obj\DC\third-party\mbedtls\library\x509.flash.o
LOAD out\obj\DC\third-party\mbedtls\library\x509_crt.flash.o
LOAD out\obj\DC\third-party\cJSONFiles\cJSON\cJSON.flash.o
LOAD out\obj\DC\custom\custom_main\src\custom_main.ram.o
LOAD out\obj\DC\custom\custom_main\src\p2xdemo.flash.o
LOAD out\obj\DC\custom\custom_main\src\cm_demo_uart.flash.o
LOAD prebuild\libs\DC\cm_stub_dc.o
START GROUP
LOAD prebuild\libs\DC\libfm.a
LOAD prebuild\libs\DC\libfm_at_command-3.1.a
LOAD prebuild\libs\DC\libfm_fs-3.1.a
LOAD prebuild\libs\DC\libfm_mqtt-3.1.a
LOAD prebuild\libs\DC\libfm_p2x_cfg-3.1.a
LOAD prebuild\libs\DC\libfm_pthread-3.1.a
LOAD prebuild\libs\DC\libmqtt_ftp.a
LOAD d:/ml307r/ml307r_opencpu/ml307r_opencpu/ml307r_opencpu/tools/toolchain/gcc-arm-none-eabi/bin/../lib/gcc/arm-none-eabi/8.3.1/../../../../arm-none-eabi/lib/thumb/v7/nofp\libm.a
LOAD d:/ml307r/ml307r_opencpu/ml307r_opencpu/ml307r_opencpu/tools/toolchain/gcc-arm-none-eabi/bin/../lib/gcc/arm-none-eabi/8.3.1/thumb/v7/nofp\libgcc.a
END GROUP
START GROUP
LOAD d:/ml307r/ml307r_opencpu/ml307r_opencpu/ml307r_opencpu/tools/toolchain/gcc-arm-none-eabi/bin/../lib/gcc/arm-none-eabi/8.3.1/thumb/v7/nofp\libgcc.a
LOAD d:/ml307r/ml307r_opencpu/ml307r_opencpu/ml307r_opencpu/tools/toolchain/gcc-arm-none-eabi/bin/../lib/gcc/arm-none-eabi/8.3.1/../../../../arm-none-eabi/lib/thumb/v7/nofp\libc.a
END GROUP
START GROUP
LOAD d:/ml307r/ml307r_opencpu/ml307r_opencpu/ml307r_opencpu/tools/toolchain/gcc-arm-none-eabi/bin/../lib/gcc/arm-none-eabi/8.3.1/thumb/v7/nofp\libgcc.a
LOAD d:/ml307r/ml307r_opencpu/ml307r_opencpu/ml307r_opencpu/tools/toolchain/gcc-arm-none-eabi/bin/../lib/gcc/arm-none-eabi/8.3.1/../../../../arm-none-eabi/lib/thumb/v7/nofp\libc.a
LOAD d:/ml307r/ml307r_opencpu/ml307r_opencpu/ml307r_opencpu/tools/toolchain/gcc-arm-none-eabi/bin/../lib/gcc/arm-none-eabi/8.3.1/../../../../arm-none-eabi/lib/thumb/v7/nofp\libnosys.a
END GROUP
                0x802d6000                . = ORIGIN (flash)
                0x802d6000                __flash_start = .

.image_header   0x802d6000       0x74
                0x802d6000        0x4 LONG 0x5a5aa5a5
                0x802d6004        0x4 LONG 0x15d68 (__flash_end - __flash_start)
                0x802d6008        0x4 LONG 0x802d6000 __flash_start
                0x802d600c        0x4 LONG 0x7e1d2000 __ram_start
                0x802d6010        0x4 LONG 0x0
                0x802d6014        0x4 LONG 0x78 (__text_lma_start - __flash_start)
                0x802d6018        0x4 LONG 0x802d6078 __text_lma_start
                0x802d601c        0x4 LONG 0x802d6078 __text_vma_start
                0x802d6020        0x4 LONG 0x73f0 (__text_vma_end - __text_vma_start)
                0x802d6024        0x4 LONG 0x1
                0x802d6028        0x4 LONG 0x7468 (__rodata_lma_start - __flash_start)
                0x802d602c        0x4 LONG 0x802dd468 __rodata_lma_start
                0x802d6030        0x4 LONG 0x802dd468 __rodata_vma_start
                0x802d6034        0x4 LONG 0x2414 (__rodata_vma_end - __rodata_vma_start)
                0x802d6038        0x4 LONG 0x2
                0x802d603c        0x4 LONG 0x153a8 (__data_lma_start - __flash_start)
                0x802d6040        0x4 LONG 0x802eb3a8 __data_lma_start
                0x802d6044        0x4 LONG 0x7e1ddb20 __data_vma_start
                0x802d6048        0x4 LONG 0x9c0 (__data_vma_end - __data_vma_start)
                0x802d604c        0x4 LONG 0x3
                0x802d6050        0x4 LONG 0xfdf084e0 (__bss_lma_start - __flash_start)
                0x802d6054        0x4 LONG 0x7e1de4e0 __bss_lma_start
                0x802d6058        0x4 LONG 0x7e1de4e0 __bss_vma_start
                0x802d605c        0x4 LONG 0x9f4 (__bss_vma_end - __bss_vma_start)
                0x802d6060        0x4 LONG 0x4
                0x802d6064        0x4 LONG 0x9888 (__sramtext_lma_start - __flash_start)
                0x802d6068        0x4 LONG 0x802df888 __sramtext_lma_start
                0x802d606c        0x4 LONG 0x7e1d2000 __sramtext_vma_start
                0x802d6070        0x4 LONG 0xbb20 (__sramtext_vma_end - __sramtext_vma_start)

.text           0x802d6078     0x73f0
                0x802d6078                __text_vma_start = .
 *(.text.cm_opencpu_entry)
 .text.cm_opencpu_entry
                0x802d6078       0x10 out\obj\DC\custom\custom_main\src\custom_main.ram.o
                0x802d6078                cm_opencpu_entry
 EXCLUDE_FILE(*libgcc.a: *libc.a: *libm.a: *.ram.o *cm_stub_dc.o) *(.text .text.* .gnu.linkonce.t.* .glue_7 .glue_7t .vfp11_veneer .v4_bx)
 .glue_7        0x802d6088        0x0 linker stubs
 .glue_7t       0x802d6088        0x0 linker stubs
 .vfp11_veneer  0x802d6088        0x0 linker stubs
 .v4_bx         0x802d6088        0x0 linker stubs
 .text.parse_hex4
                0x802d6088       0x64 out\obj\DC\third-party\cJSONFiles\cJSON\cJSON.flash.o
 .text.parse_string
                0x802d60ec      0x2c0 out\obj\DC\third-party\cJSONFiles\cJSON\cJSON.flash.o
 .text.buffer_skip_whitespace
                0x802d63ac       0x5c out\obj\DC\third-party\cJSONFiles\cJSON\cJSON.flash.o
 .text.update_offset
                0x802d6408       0x30 out\obj\DC\third-party\cJSONFiles\cJSON\cJSON.flash.o
 .text.ensure   0x802d6438       0xf8 out\obj\DC\third-party\cJSONFiles\cJSON\cJSON.flash.o
 .text.get_object_item
                0x802d6530       0xd4 out\obj\DC\third-party\cJSONFiles\cJSON\cJSON.flash.o
 .text.add_item_to_array
                0x802d6604       0x60 out\obj\DC\third-party\cJSONFiles\cJSON\cJSON.flash.o
 .text.print_string_ptr
                0x802d6664      0x1d0 out\obj\DC\third-party\cJSONFiles\cJSON\cJSON.flash.o
 .text.cJSON_New_Item.isra.5
                0x802d6834       0x2c out\obj\DC\third-party\cJSONFiles\cJSON\cJSON.flash.o
 .text.cJSON_strdup.isra.1.constprop.15
                0x802d6860       0x48 out\obj\DC\third-party\cJSONFiles\cJSON\cJSON.flash.o
 .text.add_item_to_object.constprop.11
                0x802d68a8       0xa0 out\obj\DC\third-party\cJSONFiles\cJSON\cJSON.flash.o
 .text.print_value
                0x802d6948      0x624 out\obj\DC\third-party\cJSONFiles\cJSON\cJSON.flash.o
 .text.print.constprop.13
                0x802d6f6c      0x110 out\obj\DC\third-party\cJSONFiles\cJSON\cJSON.flash.o
 .text.cJSON_Delete
                0x802d707c       0x94 out\obj\DC\third-party\cJSONFiles\cJSON\cJSON.flash.o
                0x802d707c                cJSON_Delete
 .text.parse_value
                0x802d7110      0x4c8 out\obj\DC\third-party\cJSONFiles\cJSON\cJSON.flash.o
 .text.cJSON_ParseWithLengthOpts
                0x802d75d8      0x184 out\obj\DC\third-party\cJSONFiles\cJSON\cJSON.flash.o
                0x802d75d8                cJSON_ParseWithLengthOpts
 .text.cJSON_ParseWithOpts
                0x802d775c       0x30 out\obj\DC\third-party\cJSONFiles\cJSON\cJSON.flash.o
                0x802d775c                cJSON_ParseWithOpts
 .text.cJSON_Parse
                0x802d778c        0xc out\obj\DC\third-party\cJSONFiles\cJSON\cJSON.flash.o
                0x802d778c                cJSON_Parse
 .text.cJSON_Print
                0x802d7798        0x8 out\obj\DC\third-party\cJSONFiles\cJSON\cJSON.flash.o
                0x802d7798                cJSON_Print
 .text.cJSON_GetObjectItem
                0x802d77a0        0x8 out\obj\DC\third-party\cJSONFiles\cJSON\cJSON.flash.o
                0x802d77a0                cJSON_GetObjectItem
 .text.cJSON_AddItemToObject
                0x802d77a8        0x8 out\obj\DC\third-party\cJSONFiles\cJSON\cJSON.flash.o
                0x802d77a8                cJSON_AddItemToObject
 .text.cJSON_CreateNumber
                0x802d77b0       0x9c out\obj\DC\third-party\cJSONFiles\cJSON\cJSON.flash.o
                0x802d77b0                cJSON_CreateNumber
 .text.cJSON_CreateString
                0x802d784c       0x54 out\obj\DC\third-party\cJSONFiles\cJSON\cJSON.flash.o
                0x802d784c                cJSON_CreateString
 .text.cJSON_CreateObject
                0x802d78a0       0x24 out\obj\DC\third-party\cJSONFiles\cJSON\cJSON.flash.o
                0x802d78a0                cJSON_CreateObject
 .text.get_Time_Stamp
                0x802d78c4       0x10 out\obj\DC\custom\custom_main\src\p2xdemo.flash.o
                0x802d78c4                get_Time_Stamp
 .text.create_heart_beat_msg
                0x802d78d4      0x2dc out\obj\DC\custom\custom_main\src\p2xdemo.flash.o
 .text.fm_mqtt_p2x_ReceiveLoop_main
                0x802d7bb0       0x48 out\obj\DC\custom\custom_main\src\p2xdemo.flash.o
 .text.string_to_operator
                0x802d7bf8       0x64 out\obj\DC\custom\custom_main\src\p2xdemo.flash.o
                0x802d7bf8                string_to_operator
 .text.count_array_size
                0x802d7c5c       0x2c out\obj\DC\custom\custom_main\src\p2xdemo.flash.o
                0x802d7c5c                count_array_size
 .text.get_operator_from_sim
                0x802d7c88      0x124 out\obj\DC\custom\custom_main\src\p2xdemo.flash.o
                0x802d7c88                get_operator_from_sim
 .text.fm_sett_operator
                0x802d7dac      0x124 out\obj\DC\custom\custom_main\src\p2xdemo.flash.o
                0x802d7dac                fm_sett_operator
 .text.at_command_set_operator_next
                0x802d7ed0       0x3c out\obj\DC\custom\custom_main\src\p2xdemo.flash.o
                0x802d7ed0                at_command_set_operator_next
 .text.fm_resp_replace
                0x802d7f0c       0x94 out\obj\DC\custom\custom_main\src\p2xdemo.flash.o
                0x802d7f0c                fm_resp_replace
 .text.fm_mqtt_context_init
                0x802d7fa0      0x18c out\obj\DC\custom\custom_main\src\p2xdemo.flash.o
                0x802d7fa0                fm_mqtt_context_init
 .text.fm_get_weak_signal_threshold
                0x802d812c       0x64 out\obj\DC\custom\custom_main\src\p2xdemo.flash.o
                0x802d812c                fm_get_weak_signal_threshold
 .text.fm_set_weak_signal_threshold
                0x802d8190       0x74 out\obj\DC\custom\custom_main\src\p2xdemo.flash.o
                0x802d8190                fm_set_weak_signal_threshold
 .text.mqtt_at_message_handle
                0x802d8204      0x584 out\obj\DC\custom\custom_main\src\p2xdemo.flash.o
                0x802d8204                mqtt_at_message_handle
 .text.fm_socket_check_net
                0x802d8788       0xf0 out\obj\DC\custom\custom_main\src\p2xdemo.flash.o
                0x802d8788                fm_socket_check_net
 .text.fm_mqtt_p2x_policyprefer
                0x802d8878      0x26c out\obj\DC\custom\custom_main\src\p2xdemo.flash.o
                0x802d8878                fm_mqtt_p2x_policyprefer
 .text.find_operator_index
                0x802d8ae4       0x5c out\obj\DC\custom\custom_main\src\p2xdemo.flash.o
                0x802d8ae4                find_operator_index
 .text.fm_mqtt_reconnect
                0x802d8b40      0x33c out\obj\DC\custom\custom_main\src\p2xdemo.flash.o
                0x802d8b40                fm_mqtt_reconnect
 .text.findMaxIndex
                0x802d8e7c       0x2c out\obj\DC\custom\custom_main\src\p2xdemo.flash.o
                0x802d8e7c                findMaxIndex
 .text.fm_mqtt_p2x_weaksignal_main
                0x802d8ea8      0x310 out\obj\DC\custom\custom_main\src\p2xdemo.flash.o
 .text.fm_mqtt_p2x_ReceiveLoop
                0x802d91b8       0x84 out\obj\DC\custom\custom_main\src\p2xdemo.flash.o
                0x802d91b8                fm_mqtt_p2x_ReceiveLoop
 .text.fm_mqtt_p2x_weaksignal
                0x802d923c       0x84 out\obj\DC\custom\custom_main\src\p2xdemo.flash.o
                0x802d923c                fm_mqtt_p2x_weaksignal
 .text.test_printf
                0x802d92c0      0x720 out\obj\DC\custom\custom_main\src\p2xdemo.flash.o
                0x802d92c0                test_printf
 .text.fm_get_sim_state
                0x802d99e0      0x114 prebuild\libs\DC\libfm_at_command-3.1.a(fm_at_command_port.flash.o)
                0x802d99e0                fm_get_sim_state
 .text.fm_get_imei
                0x802d9af4      0x114 prebuild\libs\DC\libfm_at_command-3.1.a(fm_at_command_port.flash.o)
                0x802d9af4                fm_get_imei
 .text.fm_get_iccid
                0x802d9c08      0x114 prebuild\libs\DC\libfm_at_command-3.1.a(fm_at_command_port.flash.o)
                0x802d9c08                fm_get_iccid
 .text.fm_get_signal_strength
                0x802d9d1c      0x12c prebuild\libs\DC\libfm_at_command-3.1.a(fm_at_command_port.flash.o)
                0x802d9d1c                fm_get_signal_strength
 .text.fm_get_operator
                0x802d9e48      0x228 prebuild\libs\DC\libfm_at_command-3.1.a(fm_at_command_port.flash.o)
                0x802d9e48                fm_get_operator
 .text.fm_set_operator
                0x802da070       0xec prebuild\libs\DC\libfm_at_command-3.1.a(fm_at_command_port.flash.o)
                0x802da070                fm_set_operator
 .text.fm_get_model_name
                0x802da15c       0xf8 prebuild\libs\DC\libfm_at_command-3.1.a(fm_at_command_port.flash.o)
                0x802da15c                fm_get_model_name
 .text.fm_open  0x802da254        0x4 prebuild\libs\DC\libfm_fs-3.1.a(fm_fs_port.flash.o)
                0x802da254                fm_open
 .text.fm_read  0x802da258        0x4 prebuild\libs\DC\libfm_fs-3.1.a(fm_fs_port.flash.o)
                0x802da258                fm_read
 .text.fm_write
                0x802da25c        0x4 prebuild\libs\DC\libfm_fs-3.1.a(fm_fs_port.flash.o)
                0x802da25c                fm_write
 .text.fm_close
                0x802da260        0x4 prebuild\libs\DC\libfm_fs-3.1.a(fm_fs_port.flash.o)
                0x802da260                fm_close
 .text.fm_get_mqtt_server
                0x802da264       0x78 prebuild\libs\DC\libfm_mqtt-3.1.a(fm_mqtt_port.flash.o)
                0x802da264                fm_get_mqtt_server
 .text.fm_set_mqtt_server
                0x802da2dc       0x6c prebuild\libs\DC\libfm_mqtt-3.1.a(fm_mqtt_port.flash.o)
                0x802da2dc                fm_set_mqtt_server
 .text.fm_mqtt_receiveloop
                0x802da348        0x8 prebuild\libs\DC\libfm_mqtt-3.1.a(fm_mqtt_port.flash.o)
                0x802da348                fm_mqtt_receiveloop
 .text.fm_mqtt_init
                0x802da350       0xb0 prebuild\libs\DC\libfm_mqtt-3.1.a(fm_mqtt_port.flash.o)
                0x802da350                fm_mqtt_init
 .text.fm_mqtt_connect
                0x802da400      0x148 prebuild\libs\DC\libfm_mqtt-3.1.a(fm_mqtt_port.flash.o)
                0x802da400                fm_mqtt_connect
 .text.fm_mqtt_get_state
                0x802da548        0x4 prebuild\libs\DC\libfm_mqtt-3.1.a(fm_mqtt_port.flash.o)
                0x802da548                fm_mqtt_get_state
 .text.fm_mqtt_subscribe
                0x802da54c       0x28 prebuild\libs\DC\libfm_mqtt-3.1.a(fm_mqtt_port.flash.o)
                0x802da54c                fm_mqtt_subscribe
 .text.fm_mqtt_publish
                0x802da574       0x24 prebuild\libs\DC\libfm_mqtt-3.1.a(fm_mqtt_port.flash.o)
                0x802da574                fm_mqtt_publish
 .text.fm_mqtt_unsubscribe
                0x802da598       0x28 prebuild\libs\DC\libfm_mqtt-3.1.a(fm_mqtt_port.flash.o)
                0x802da598                fm_mqtt_unsubscribe
 .text.fm_mqtt_disconnect
                0x802da5c0        0x4 prebuild\libs\DC\libfm_mqtt-3.1.a(fm_mqtt_port.flash.o)
                0x802da5c0                fm_mqtt_disconnect
 .text.transport_open_func
                0x802da5c4       0xb4 prebuild\libs\DC\libfm_mqtt-3.1.a(transport_interface_asr.flash.o)
                0x802da5c4                transport_open_func
 .text.transport_close_func
                0x802da678       0x2c prebuild\libs\DC\libfm_mqtt-3.1.a(transport_interface_asr.flash.o)
                0x802da678                transport_close_func
 .text.transport_send_func
                0x802da6a4       0x88 prebuild\libs\DC\libfm_mqtt-3.1.a(transport_interface_asr.flash.o)
                0x802da6a4                transport_send_func
 .text.transport_recv_func
                0x802da72c       0x90 prebuild\libs\DC\libfm_mqtt-3.1.a(transport_interface_asr.flash.o)
                0x802da72c                transport_recv_func
 .text.sendPacket
                0x802da7bc      0x13c prebuild\libs\DC\libfm_mqtt-3.1.a(core_mqtt.flash.o)
 .text.recvExact
                0x802da8f8      0x158 prebuild\libs\DC\libfm_mqtt-3.1.a(core_mqtt.flash.o)
 .text.receivePacket.isra.0
                0x802daa50      0x114 prebuild\libs\DC\libfm_mqtt-3.1.a(core_mqtt.flash.o)
 .text.getAckFromPacketType
                0x802dab64       0x64 prebuild\libs\DC\libfm_mqtt-3.1.a(core_mqtt.flash.o)
 .text.sendPublishAcks
                0x802dabc8       0xd8 prebuild\libs\DC\libfm_mqtt-3.1.a(core_mqtt.flash.o)
 .text.MQTT_Init
                0x802daca0       0xb8 prebuild\libs\DC\libfm_mqtt-3.1.a(core_mqtt.flash.o)
                0x802daca0                MQTT_Init
 .text.MQTT_Connect
                0x802dad58      0x27c prebuild\libs\DC\libfm_mqtt-3.1.a(core_mqtt.flash.o)
                0x802dad58                MQTT_Connect
 .text.MQTT_Subscribe
                0x802dafd4       0xb4 prebuild\libs\DC\libfm_mqtt-3.1.a(core_mqtt.flash.o)
                0x802dafd4                MQTT_Subscribe
 .text.MQTT_Publish
                0x802db088      0x1d8 prebuild\libs\DC\libfm_mqtt-3.1.a(core_mqtt.flash.o)
                0x802db088                MQTT_Publish
 .text.MQTT_Ping
                0x802db260       0x70 prebuild\libs\DC\libfm_mqtt-3.1.a(core_mqtt.flash.o)
                0x802db260                MQTT_Ping
 .text.receiveSingleIteration
                0x802db2d0      0x398 prebuild\libs\DC\libfm_mqtt-3.1.a(core_mqtt.flash.o)
 .text.MQTT_Unsubscribe
                0x802db668       0xb4 prebuild\libs\DC\libfm_mqtt-3.1.a(core_mqtt.flash.o)
                0x802db668                MQTT_Unsubscribe
 .text.MQTT_Disconnect
                0x802db71c       0x64 prebuild\libs\DC\libfm_mqtt-3.1.a(core_mqtt.flash.o)
                0x802db71c                MQTT_Disconnect
 .text.MQTT_ReceiveLoop
                0x802db780       0x90 prebuild\libs\DC\libfm_mqtt-3.1.a(core_mqtt.flash.o)
                0x802db780                MQTT_ReceiveLoop
 .text.MQTT_GetPacketId
                0x802db810       0x2c prebuild\libs\DC\libfm_mqtt-3.1.a(core_mqtt.flash.o)
                0x802db810                MQTT_GetPacketId
 .text.remainingLengthEncodedSize
                0x802db83c       0x30 prebuild\libs\DC\libfm_mqtt-3.1.a(core_mqtt_serializer.flash.o)
 .text.encodeRemainingLength
                0x802db86c       0x50 prebuild\libs\DC\libfm_mqtt-3.1.a(core_mqtt_serializer.flash.o)
 .text.calculateSubscriptionPacketSize
                0x802db8bc      0x110 prebuild\libs\DC\libfm_mqtt-3.1.a(core_mqtt_serializer.flash.o)
 .text.encodeString
                0x802db9cc       0x5c prebuild\libs\DC\libfm_mqtt-3.1.a(core_mqtt_serializer.flash.o)
 .text.serializePublishCommon
                0x802dba28      0x180 prebuild\libs\DC\libfm_mqtt-3.1.a(core_mqtt_serializer.flash.o)
 .text.MQTT_GetConnectPacketSize
                0x802dbba8       0xd0 prebuild\libs\DC\libfm_mqtt-3.1.a(core_mqtt_serializer.flash.o)
                0x802dbba8                MQTT_GetConnectPacketSize
 .text.MQTT_SerializeConnect
                0x802dbc78      0x1c0 prebuild\libs\DC\libfm_mqtt-3.1.a(core_mqtt_serializer.flash.o)
                0x802dbc78                MQTT_SerializeConnect
 .text.MQTT_GetSubscribePacketSize
                0x802dbe38       0x40 prebuild\libs\DC\libfm_mqtt-3.1.a(core_mqtt_serializer.flash.o)
                0x802dbe38                MQTT_GetSubscribePacketSize
 .text.MQTT_SerializeSubscribe
                0x802dbe78       0xc4 prebuild\libs\DC\libfm_mqtt-3.1.a(core_mqtt_serializer.flash.o)
                0x802dbe78                MQTT_SerializeSubscribe
 .text.MQTT_GetUnsubscribePacketSize
                0x802dbf3c       0x44 prebuild\libs\DC\libfm_mqtt-3.1.a(core_mqtt_serializer.flash.o)
                0x802dbf3c                MQTT_GetUnsubscribePacketSize
 .text.MQTT_SerializeUnsubscribe
                0x802dbf80       0xc0 prebuild\libs\DC\libfm_mqtt-3.1.a(core_mqtt_serializer.flash.o)
                0x802dbf80                MQTT_SerializeUnsubscribe
 .text.MQTT_GetPublishPacketSize
                0x802dc040       0xa8 prebuild\libs\DC\libfm_mqtt-3.1.a(core_mqtt_serializer.flash.o)
                0x802dc040                MQTT_GetPublishPacketSize
 .text.MQTT_SerializePublishHeader
                0x802dc0e8       0xd8 prebuild\libs\DC\libfm_mqtt-3.1.a(core_mqtt_serializer.flash.o)
                0x802dc0e8                MQTT_SerializePublishHeader
 .text.MQTT_SerializeAck
                0x802dc1c0       0x88 prebuild\libs\DC\libfm_mqtt-3.1.a(core_mqtt_serializer.flash.o)
                0x802dc1c0                MQTT_SerializeAck
 .text.MQTT_GetDisconnectPacketSize
                0x802dc248       0x18 prebuild\libs\DC\libfm_mqtt-3.1.a(core_mqtt_serializer.flash.o)
                0x802dc248                MQTT_GetDisconnectPacketSize
 .text.MQTT_SerializeDisconnect
                0x802dc260       0x48 prebuild\libs\DC\libfm_mqtt-3.1.a(core_mqtt_serializer.flash.o)
                0x802dc260                MQTT_SerializeDisconnect
 .text.MQTT_GetPingreqPacketSize
                0x802dc2a8       0x18 prebuild\libs\DC\libfm_mqtt-3.1.a(core_mqtt_serializer.flash.o)
                0x802dc2a8                MQTT_GetPingreqPacketSize
 .text.MQTT_SerializePingreq
                0x802dc2c0       0x48 prebuild\libs\DC\libfm_mqtt-3.1.a(core_mqtt_serializer.flash.o)
                0x802dc2c0                MQTT_SerializePingreq
 .text.MQTT_DeserializePublish
                0x802dc308      0x130 prebuild\libs\DC\libfm_mqtt-3.1.a(core_mqtt_serializer.flash.o)
                0x802dc308                MQTT_DeserializePublish
 .text.MQTT_DeserializeAck
                0x802dc438      0x23c prebuild\libs\DC\libfm_mqtt-3.1.a(core_mqtt_serializer.flash.o)
                0x802dc438                MQTT_DeserializeAck
 .text.MQTT_GetIncomingPacketTypeAndLength
                0x802dc674      0x138 prebuild\libs\DC\libfm_mqtt-3.1.a(core_mqtt_serializer.flash.o)
                0x802dc674                MQTT_GetIncomingPacketTypeAndLength
 .text.stateSelect
                0x802dc7ac       0x88 prebuild\libs\DC\libfm_mqtt-3.1.a(core_mqtt_state.flash.o)
 .text.addRecord.constprop.2
                0x802dc834      0x124 prebuild\libs\DC\libfm_mqtt-3.1.a(core_mqtt_state.flash.o)
 .text.MQTT_CalculateStateAck
                0x802dc958       0x6c prebuild\libs\DC\libfm_mqtt-3.1.a(core_mqtt_state.flash.o)
                0x802dc958                MQTT_CalculateStateAck
 .text.MQTT_ReserveState
                0x802dc9c4       0x38 prebuild\libs\DC\libfm_mqtt-3.1.a(core_mqtt_state.flash.o)
                0x802dc9c4                MQTT_ReserveState
 .text.MQTT_CalculateStatePublish
                0x802dc9fc       0x48 prebuild\libs\DC\libfm_mqtt-3.1.a(core_mqtt_state.flash.o)
                0x802dc9fc                MQTT_CalculateStatePublish
 .text.MQTT_UpdateStatePublish
                0x802dca44      0x1d0 prebuild\libs\DC\libfm_mqtt-3.1.a(core_mqtt_state.flash.o)
                0x802dca44                MQTT_UpdateStatePublish
 .text.MQTT_UpdateStateAck
                0x802dcc14      0x1cc prebuild\libs\DC\libfm_mqtt-3.1.a(core_mqtt_state.flash.o)
                0x802dcc14                MQTT_UpdateStateAck
 .text.MQTT_PubrelToResend
                0x802dcde0       0x4c prebuild\libs\DC\libfm_mqtt-3.1.a(core_mqtt_state.flash.o)
                0x802dcde0                MQTT_PubrelToResend
 .text.fm_get_prefer_operator_policy
                0x802dce2c       0xb0 prebuild\libs\DC\libfm_p2x_cfg-3.1.a(fm_p2x_cfg_port.flash.o)
                0x802dce2c                fm_get_prefer_operator_policy
 .text.fm_set_prefer_operator_policy
                0x802dcedc       0x9c prebuild\libs\DC\libfm_p2x_cfg-3.1.a(fm_p2x_cfg_port.flash.o)
                0x802dcedc                fm_set_prefer_operator_policy
 .text.fm_get_last_operator_policy
                0x802dcf78       0xa4 prebuild\libs\DC\libfm_p2x_cfg-3.1.a(fm_p2x_cfg_port.flash.o)
                0x802dcf78                fm_get_last_operator_policy
 .text.fm_set_last_operator_policy
                0x802dd01c      0x12c prebuild\libs\DC\libfm_p2x_cfg-3.1.a(fm_p2x_cfg_port.flash.o)
                0x802dd01c                fm_set_last_operator_policy
 .text.fm_get_lost_network_policy_status
                0x802dd148       0x78 prebuild\libs\DC\libfm_p2x_cfg-3.1.a(fm_p2x_cfg_port.flash.o)
                0x802dd148                fm_get_lost_network_policy_status
 .text.fm_set_lost_network_policy_status
                0x802dd1c0       0x6c prebuild\libs\DC\libfm_p2x_cfg-3.1.a(fm_p2x_cfg_port.flash.o)
                0x802dd1c0                fm_set_lost_network_policy_status
 .text.fm_pthread_create
                0x802dd22c       0x2c prebuild\libs\DC\libfm_pthread-3.1.a(fm_pthread_port.flash.o)
                0x802dd22c                fm_pthread_create
 .text._close   0x802dd258       0x14 d:/ml307r/ml307r_opencpu/ml307r_opencpu/ml307r_opencpu/tools/toolchain/gcc-arm-none-eabi/bin/../lib/gcc/arm-none-eabi/8.3.1/../../../../arm-none-eabi/lib/thumb/v7/nofp\libnosys.a(close.o)
                0x802dd258                _close
 .text._fstat   0x802dd26c       0x14 d:/ml307r/ml307r_opencpu/ml307r_opencpu/ml307r_opencpu/tools/toolchain/gcc-arm-none-eabi/bin/../lib/gcc/arm-none-eabi/8.3.1/../../../../arm-none-eabi/lib/thumb/v7/nofp\libnosys.a(fstat.o)
                0x802dd26c                _fstat
 .text._getpid  0x802dd280       0x14 d:/ml307r/ml307r_opencpu/ml307r_opencpu/ml307r_opencpu/tools/toolchain/gcc-arm-none-eabi/bin/../lib/gcc/arm-none-eabi/8.3.1/../../../../arm-none-eabi/lib/thumb/v7/nofp\libnosys.a(getpid.o)
                0x802dd280                _getpid
 .text._isatty  0x802dd294       0x10 d:/ml307r/ml307r_opencpu/ml307r_opencpu/ml307r_opencpu/tools/toolchain/gcc-arm-none-eabi/bin/../lib/gcc/arm-none-eabi/8.3.1/../../../../arm-none-eabi/lib/thumb/v7/nofp\libnosys.a(isatty.o)
                0x802dd294                _isatty
 .text._kill    0x802dd2a4       0x14 d:/ml307r/ml307r_opencpu/ml307r_opencpu/ml307r_opencpu/tools/toolchain/gcc-arm-none-eabi/bin/../lib/gcc/arm-none-eabi/8.3.1/../../../../arm-none-eabi/lib/thumb/v7/nofp\libnosys.a(kill.o)
                0x802dd2a4                _kill
 .text._lseek   0x802dd2b8       0x14 d:/ml307r/ml307r_opencpu/ml307r_opencpu/ml307r_opencpu/tools/toolchain/gcc-arm-none-eabi/bin/../lib/gcc/arm-none-eabi/8.3.1/../../../../arm-none-eabi/lib/thumb/v7/nofp\libnosys.a(lseek.o)
                0x802dd2b8                _lseek
 .text._read    0x802dd2cc       0x14 d:/ml307r/ml307r_opencpu/ml307r_opencpu/ml307r_opencpu/tools/toolchain/gcc-arm-none-eabi/bin/../lib/gcc/arm-none-eabi/8.3.1/../../../../arm-none-eabi/lib/thumb/v7/nofp\libnosys.a(read.o)
                0x802dd2cc                _read
 .text._sbrk    0x802dd2e0       0x20 d:/ml307r/ml307r_opencpu/ml307r_opencpu/ml307r_opencpu/tools/toolchain/gcc-arm-none-eabi/bin/../lib/gcc/arm-none-eabi/8.3.1/../../../../arm-none-eabi/lib/thumb/v7/nofp\libnosys.a(sbrk.o)
                0x802dd2e0                _sbrk
 .text._write   0x802dd300       0x14 d:/ml307r/ml307r_opencpu/ml307r_opencpu/ml307r_opencpu/tools/toolchain/gcc-arm-none-eabi/bin/../lib/gcc/arm-none-eabi/8.3.1/../../../../arm-none-eabi/lib/thumb/v7/nofp\libnosys.a(write.o)
                0x802dd300                _write
 .text._exit    0x802dd314        0x4 d:/ml307r/ml307r_opencpu/ml307r_opencpu/ml307r_opencpu/tools/toolchain/gcc-arm-none-eabi/bin/../lib/gcc/arm-none-eabi/8.3.1/../../../../arm-none-eabi/lib/thumb/v7/nofp\libnosys.a(_exit.o)
                0x802dd314                _exit
 .text._exit.__stub
                0x802dd318      0x150 linker stubs
                0x802dd468                __text_vma_end = .
                0x802dd468                . = ALIGN (0x8)
                0x802d6078                __text_lma_start = LOADADDR (.text)

.iplt           0x802dd468        0x0
 .iplt          0x802dd468        0x0 out\obj\DC\third-party\cJSONFiles\cJSON\cJSON.flash.o

.rodata         0x802dd468     0x2418
                0x802dd468                __rodata_vma_start = .
 *(.rdata .rodata .rodata.* .gnu.linkonce.r.*)
 .rodata.cJSON_ParseWithLengthOpts.str1.1
                0x802dd468        0x4 out\obj\DC\third-party\cJSONFiles\cJSON\cJSON.flash.o
 .rodata.print_string_ptr.str1.1
                0x802dd46c        0x9 out\obj\DC\third-party\cJSONFiles\cJSON\cJSON.flash.o
 .rodata.print_value.str1.1
                0x802dd475       0x1c out\obj\DC\third-party\cJSONFiles\cJSON\cJSON.flash.o
                                 0x25 (size before relaxing)
 .rodata.__func__.8602
                0x802dd491       0x15 out\obj\DC\custom\custom_main\src\p2xdemo.flash.o
 .rodata.__func__.8641
                0x802dd4a6       0x16 out\obj\DC\custom\custom_main\src\p2xdemo.flash.o
 .rodata.__func__.8646
                0x802dd4bc       0x1d out\obj\DC\custom\custom_main\src\p2xdemo.flash.o
 .rodata.__func__.8657
                0x802dd4d9       0x12 out\obj\DC\custom\custom_main\src\p2xdemo.flash.o
 .rodata.__func__.8673
                0x802dd4eb       0x19 out\obj\DC\custom\custom_main\src\p2xdemo.flash.o
 .rodata.__func__.8703
                0x802dd504       0x1c out\obj\DC\custom\custom_main\src\p2xdemo.flash.o
 .rodata.__func__.8733
                0x802dd520       0x17 out\obj\DC\custom\custom_main\src\p2xdemo.flash.o
 .rodata.__func__.8780
                0x802dd537        0xc out\obj\DC\custom\custom_main\src\p2xdemo.flash.o
 .rodata.create_heart_beat_msg.str1.1
                0x802dd543       0xb4 out\obj\DC\custom\custom_main\src\p2xdemo.flash.o
                                 0xb9 (size before relaxing)
 .rodata.fm_get_weak_signal_threshold.str1.1
                0x802dd5f7       0x1d out\obj\DC\custom\custom_main\src\p2xdemo.flash.o
 .rodata.fm_mqtt_context_init.str1.1
                0x802dd614      0x113 out\obj\DC\custom\custom_main\src\p2xdemo.flash.o
                                0x119 (size before relaxing)
 .rodata.fm_mqtt_p2x_ReceiveLoop.str1.1
                0x802dd727       0x8a out\obj\DC\custom\custom_main\src\p2xdemo.flash.o
 .rodata.fm_mqtt_p2x_ReceiveLoop_main.str1.1
                0x802dd7b1       0x22 out\obj\DC\custom\custom_main\src\p2xdemo.flash.o
 .rodata.fm_mqtt_p2x_policyprefer.str1.1
                0x802dd7d3      0x2de out\obj\DC\custom\custom_main\src\p2xdemo.flash.o
 .rodata.fm_mqtt_p2x_weaksignal.str1.1
                0x802ddab1       0x87 out\obj\DC\custom\custom_main\src\p2xdemo.flash.o
 .rodata.fm_mqtt_p2x_weaksignal_main.str1.1
                0x802ddb38      0x236 out\obj\DC\custom\custom_main\src\p2xdemo.flash.o
                                0x238 (size before relaxing)
 .rodata.fm_mqtt_reconnect.str1.1
                0x802ddd6e      0x283 out\obj\DC\custom\custom_main\src\p2xdemo.flash.o
 .rodata.fm_set_weak_signal_threshold.str1.1
                0x802ddff1        0x3 out\obj\DC\custom\custom_main\src\p2xdemo.flash.o
 .rodata.fm_sett_operator.str1.1
                0x802ddff1       0xdf out\obj\DC\custom\custom_main\src\p2xdemo.flash.o
 .rodata.fm_socket_check_net.str1.1
                0x802de0d0       0x74 out\obj\DC\custom\custom_main\src\p2xdemo.flash.o
 .rodata.get_operator_from_sim.str1.1
                0x802de144       0xa0 out\obj\DC\custom\custom_main\src\p2xdemo.flash.o
 .rodata.mqtt_at_message_handle.str1.1
                0x802de1e4      0x4d4 out\obj\DC\custom\custom_main\src\p2xdemo.flash.o
                                0x4e1 (size before relaxing)
 .rodata.oper_list
                0x802de6b8       0x10 out\obj\DC\custom\custom_main\src\p2xdemo.flash.o
 .rodata.string_to_operator.str1.1
                0x802de6c8       0x28 out\obj\DC\custom\custom_main\src\p2xdemo.flash.o
 .rodata.test_printf.str1.1
                0x802de6f0      0x3e9 out\obj\DC\custom\custom_main\src\p2xdemo.flash.o
                                0x40b (size before relaxing)
 .rodata.fm_get_iccid.str1.1
                0x802dead9       0x25 prebuild\libs\DC\libfm_at_command-3.1.a(fm_at_command_port.flash.o)
 .rodata.fm_get_imei.str1.1
                0x802deafe       0x1e prebuild\libs\DC\libfm_at_command-3.1.a(fm_at_command_port.flash.o)
 .rodata.fm_get_model_name.str1.1
                0x802deb1c        0xa prebuild\libs\DC\libfm_at_command-3.1.a(fm_at_command_port.flash.o)
 .rodata.fm_get_operator_regstate.str1.1
                0x802deb26       0x7c prebuild\libs\DC\libfm_at_command-3.1.a(fm_at_command_port.flash.o)
                                 0xa4 (size before relaxing)
 .rodata.fm_get_signal_strength.str1.1
                0x802deba2       0x30 prebuild\libs\DC\libfm_at_command-3.1.a(fm_at_command_port.flash.o)
 .rodata.fm_get_sim_state.str1.1
                0x802debd2       0x33 prebuild\libs\DC\libfm_at_command-3.1.a(fm_at_command_port.flash.o)
                                 0x39 (size before relaxing)
 .rodata.fm_get_vendor_name.str1.1
                0x802dec05        0xa prebuild\libs\DC\libfm_at_command-3.1.a(fm_at_command_port.flash.o)
                                  0xd (size before relaxing)
 .rodata.fm_set_operator.str1.1
                0x802dec0f       0x48 prebuild\libs\DC\libfm_at_command-3.1.a(fm_at_command_port.flash.o)
 .rodata.__func__.6252
                0x802dec57       0x10 prebuild\libs\DC\libfm_mqtt-3.1.a(fm_mqtt_port.flash.o)
 .rodata.fm_get_mqtt_server.str1.1
                0x802dec67       0x13 prebuild\libs\DC\libfm_mqtt-3.1.a(fm_mqtt_port.flash.o)
 .rodata.fm_mqtt_connect.str1.1
                0x802dec7a       0x56 prebuild\libs\DC\libfm_mqtt-3.1.a(fm_mqtt_port.flash.o)
 .rodata.fm_mqtt_init.str1.1
                0x802decd0       0x15 prebuild\libs\DC\libfm_mqtt-3.1.a(fm_mqtt_port.flash.o)
                                 0x1a (size before relaxing)
 .rodata.fm_set_mqtt_server.str1.1
                0x802dece5       0x15 prebuild\libs\DC\libfm_mqtt-3.1.a(fm_mqtt_port.flash.o)
                                  0x6 (size before relaxing)
 .rodata.transport_recv_func.str1.1
                0x802dece5       0x57 prebuild\libs\DC\libfm_mqtt-3.1.a(transport_interface_asr.flash.o)
 .rodata.transport_send_func.str1.1
                0x802ded3c       0x57 prebuild\libs\DC\libfm_mqtt-3.1.a(transport_interface_asr.flash.o)
 .rodata.CSWTCH.57
                0x802ded93        0x4 prebuild\libs\DC\libfm_mqtt-3.1.a(core_mqtt.flash.o)
 .rodata.MQTT_Publish.str1.1
                0x802ded97       0x5a prebuild\libs\DC\libfm_mqtt-3.1.a(core_mqtt.flash.o)
 .rodata.__func__.5097
                0x802dedf1        0xb prebuild\libs\DC\libfm_mqtt-3.1.a(core_mqtt.flash.o)
 .rodata.__func__.5115
                0x802dedfc       0x15 prebuild\libs\DC\libfm_mqtt-3.1.a(core_mqtt.flash.o)
 .rodata.__func__.5129
                0x802dee11        0xa prebuild\libs\DC\libfm_mqtt-3.1.a(core_mqtt.flash.o)
 .rodata.__func__.5146
                0x802dee1b        0xe prebuild\libs\DC\libfm_mqtt-3.1.a(core_mqtt.flash.o)
 .rodata.__func__.5158
                0x802dee29        0xe prebuild\libs\DC\libfm_mqtt-3.1.a(core_mqtt.flash.o)
 .rodata.__func__.5186
                0x802dee37       0x10 prebuild\libs\DC\libfm_mqtt-3.1.a(core_mqtt.flash.o)
 .rodata.__func__.5193
                0x802dee47       0x10 prebuild\libs\DC\libfm_mqtt-3.1.a(core_mqtt.flash.o)
 .rodata.__func__.5204
                0x802dee57       0x16 prebuild\libs\DC\libfm_mqtt-3.1.a(core_mqtt.flash.o)
 .rodata.__func__.5226
                0x802dee6d       0x12 prebuild\libs\DC\libfm_mqtt-3.1.a(core_mqtt.flash.o)
 .rodata.__func__.5243
                0x802dee7f       0x17 prebuild\libs\DC\libfm_mqtt-3.1.a(core_mqtt.flash.o)
 .rodata.__func__.5258
                0x802dee96        0xc prebuild\libs\DC\libfm_mqtt-3.1.a(core_mqtt.flash.o)
 .rodata.__func__.5273
                0x802deea2        0xf prebuild\libs\DC\libfm_mqtt-3.1.a(core_mqtt.flash.o)
 .rodata.getAckFromPacketType.str1.1
                0x802deeb1       0x27 prebuild\libs\DC\libfm_mqtt-3.1.a(core_mqtt.flash.o)
 .rodata.receiveSingleIteration.str1.1
                0x802deed8       0x1e prebuild\libs\DC\libfm_mqtt-3.1.a(core_mqtt.flash.o)
 .rodata.recvExact.str1.1
                0x802deef6       0xa6 prebuild\libs\DC\libfm_mqtt-3.1.a(core_mqtt.flash.o)
 .rodata.sendPacket.str1.1
                0x802def9c       0xa8 prebuild\libs\DC\libfm_mqtt-3.1.a(core_mqtt.flash.o)
 .rodata.MQTT_DeserializeAck.str1.1
                0x802df044       0x47 prebuild\libs\DC\libfm_mqtt-3.1.a(core_mqtt_serializer.flash.o)
 .rodata.MQTT_SerializeConnect.str1.1
                0x802df08b        0x5 prebuild\libs\DC\libfm_mqtt-3.1.a(core_mqtt_serializer.flash.o)
 .rodata.__func__.4897
                0x802df090       0x16 prebuild\libs\DC\libfm_mqtt-3.1.a(core_mqtt_serializer.flash.o)
 .rodata.__func__.4907
                0x802df0a6        0xd prebuild\libs\DC\libfm_mqtt-3.1.a(core_mqtt_serializer.flash.o)
 .rodata.__func__.4927
                0x802df0b3       0x17 prebuild\libs\DC\libfm_mqtt-3.1.a(core_mqtt_serializer.flash.o)
 .rodata.__func__.4978
                0x802df0ca       0x13 prebuild\libs\DC\libfm_mqtt-3.1.a(core_mqtt_serializer.flash.o)
 .rodata.__func__.4989
                0x802df0dd       0x20 prebuild\libs\DC\libfm_mqtt-3.1.a(core_mqtt_serializer.flash.o)
 .rodata.__func__.5000
                0x802df0fd       0x11 prebuild\libs\DC\libfm_mqtt-3.1.a(core_mqtt_serializer.flash.o)
 .rodata.__func__.5017
                0x802df10e       0x12 prebuild\libs\DC\libfm_mqtt-3.1.a(core_mqtt_serializer.flash.o)
 .rodata.__func__.5041
                0x802df120       0x15 prebuild\libs\DC\libfm_mqtt-3.1.a(core_mqtt_serializer.flash.o)
 .rodata.__func__.5055
                0x802df135       0x17 prebuild\libs\DC\libfm_mqtt-3.1.a(core_mqtt_serializer.flash.o)
 .rodata.calculateSubscriptionPacketSize.str1.1
                0x802df14c       0x5f prebuild\libs\DC\libfm_mqtt-3.1.a(core_mqtt_serializer.flash.o)
 .rodata.encodeRemainingLength.str1.1
                0x802df1ab       0x3d prebuild\libs\DC\libfm_mqtt-3.1.a(core_mqtt_serializer.flash.o)
 .rodata.serializePublishCommon.str1.1
                0x802df1e8      0x113 prebuild\libs\DC\libfm_mqtt-3.1.a(core_mqtt_serializer.flash.o)
 .rodata.__func__.5097
                0x802df2fb        0xa prebuild\libs\DC\libfm_mqtt-3.1.a(core_mqtt_state.flash.o)
 .rodata.__func__.5117
                0x802df305        0xc prebuild\libs\DC\libfm_mqtt-3.1.a(core_mqtt_state.flash.o)
 .rodata.__func__.5156
                0x802df311       0x13 prebuild\libs\DC\libfm_mqtt-3.1.a(core_mqtt_state.flash.o)
 .rodata.addRecord.constprop.2.str1.1
                0x802df324       0x10 prebuild\libs\DC\libfm_mqtt-3.1.a(core_mqtt_state.flash.o)
 .rodata.findInRecord.part.0.str1.1
                0x802df334       0x23 prebuild\libs\DC\libfm_mqtt-3.1.a(core_mqtt_state.flash.o)
 .rodata.stateSelect.str1.1
                0x802df357       0x48 prebuild\libs\DC\libfm_mqtt-3.1.a(core_mqtt_state.flash.o)
 .rodata.fm_get_last_operator_policy.str1.1
                0x802df39f       0x1c prebuild\libs\DC\libfm_p2x_cfg-3.1.a(fm_p2x_cfg_port.flash.o)
 .rodata.fm_get_lost_network_policy_status.str1.1
                0x802df3bb       0x22 prebuild\libs\DC\libfm_p2x_cfg-3.1.a(fm_p2x_cfg_port.flash.o)
 .rodata.fm_get_prefer_operator_policy.str1.1
                0x802df3dd       0x1e prebuild\libs\DC\libfm_p2x_cfg-3.1.a(fm_p2x_cfg_port.flash.o)
 .rodata.fm_set_last_operator_policy.str1.1
                0x802df3fb       0x37 prebuild\libs\DC\libfm_p2x_cfg-3.1.a(fm_p2x_cfg_port.flash.o)
 .rodata.fm_set_prefer_operator_policy.str1.1
                0x802df3fb       0x1e prebuild\libs\DC\libfm_p2x_cfg-3.1.a(fm_p2x_cfg_port.flash.o)
                                  0xc (size before relaxing)
 *fill*         0x802df3fb        0x1 
 .rodata.__assert_func.str1.4
                0x802df3fc       0x3f d:/ml307r/ml307r_opencpu/ml307r_opencpu/ml307r_opencpu/tools/toolchain/gcc-arm-none-eabi/bin/../lib/gcc/arm-none-eabi/8.3.1/../../../../arm-none-eabi/lib/thumb/v7/nofp\libc.a(lib_a-assert.o)
                                 0x43 (size before relaxing)
 *fill*         0x802df43b        0x1 
 .rodata._ctype_
                0x802df43c      0x101 d:/ml307r/ml307r_opencpu/ml307r_opencpu/ml307r_opencpu/tools/toolchain/gcc-arm-none-eabi/bin/../lib/gcc/arm-none-eabi/8.3.1/../../../../arm-none-eabi/lib/thumb/v7/nofp\libc.a(lib_a-ctype_.o)
                0x802df43c                _ctype_
 *fill*         0x802df53d        0x3 
 .rodata._strtod_l.str1.4
                0x802df540        0xf d:/ml307r/ml307r_opencpu/ml307r_opencpu/ml307r_opencpu/tools/toolchain/gcc-arm-none-eabi/bin/../lib/gcc/arm-none-eabi/8.3.1/../../../../arm-none-eabi/lib/thumb/v7/nofp\libc.a(lib_a-strtod.o)
                                 0x11 (size before relaxing)
 *fill*         0x802df54f        0x1 
 .rodata.fpi.6207
                0x802df550       0x14 d:/ml307r/ml307r_opencpu/ml307r_opencpu/ml307r_opencpu/tools/toolchain/gcc-arm-none-eabi/bin/../lib/gcc/arm-none-eabi/8.3.1/../../../../arm-none-eabi/lib/thumb/v7/nofp\libc.a(lib_a-strtod.o)
 .rodata.fpinan.6243
                0x802df564       0x14 d:/ml307r/ml307r_opencpu/ml307r_opencpu/ml307r_opencpu/tools/toolchain/gcc-arm-none-eabi/bin/../lib/gcc/arm-none-eabi/8.3.1/../../../../arm-none-eabi/lib/thumb/v7/nofp\libc.a(lib_a-strtod.o)
 .rodata.tinytens
                0x802df578       0x28 d:/ml307r/ml307r_opencpu/ml307r_opencpu/ml307r_opencpu/tools/toolchain/gcc-arm-none-eabi/bin/../lib/gcc/arm-none-eabi/8.3.1/../../../../arm-none-eabi/lib/thumb/v7/nofp\libc.a(lib_a-strtod.o)
 .rodata._svfprintf_r.str1.4
                0x802df5a0       0x42 d:/ml307r/ml307r_opencpu/ml307r_opencpu/ml307r_opencpu/tools/toolchain/gcc-arm-none-eabi/bin/../lib/gcc/arm-none-eabi/8.3.1/../../../../arm-none-eabi/lib/thumb/v7/nofp\libc.a(lib_a-svfprintf.o)
 *fill*         0x802df5e2        0x2 
 .rodata.blanks.7355
                0x802df5e4       0x10 d:/ml307r/ml307r_opencpu/ml307r_opencpu/ml307r_opencpu/tools/toolchain/gcc-arm-none-eabi/bin/../lib/gcc/arm-none-eabi/8.3.1/../../../../arm-none-eabi/lib/thumb/v7/nofp\libc.a(lib_a-svfprintf.o)
 .rodata.zeroes.7356
                0x802df5f4       0x10 d:/ml307r/ml307r_opencpu/ml307r_opencpu/ml307r_opencpu/tools/toolchain/gcc-arm-none-eabi/bin/../lib/gcc/arm-none-eabi/8.3.1/../../../../arm-none-eabi/lib/thumb/v7/nofp\libc.a(lib_a-svfprintf.o)
 .rodata.__ssvfscanf_r.str1.4
                0x802df604        0x5 d:/ml307r/ml307r_opencpu/ml307r_opencpu/ml307r_opencpu/tools/toolchain/gcc-arm-none-eabi/bin/../lib/gcc/arm-none-eabi/8.3.1/../../../../arm-none-eabi/lib/thumb/v7/nofp\libc.a(lib_a-svfscanf.o)
                                  0x9 (size before relaxing)
 *fill*         0x802df609        0x3 
 .rodata.basefix.7424
                0x802df60c       0x22 d:/ml307r/ml307r_opencpu/ml307r_opencpu/ml307r_opencpu/tools/toolchain/gcc-arm-none-eabi/bin/../lib/gcc/arm-none-eabi/8.3.1/../../../../arm-none-eabi/lib/thumb/v7/nofp\libc.a(lib_a-svfscanf.o)
 .rodata._vfiprintf_r.str1.4
                0x802df62e       0x2f d:/ml307r/ml307r_opencpu/ml307r_opencpu/ml307r_opencpu/tools/toolchain/gcc-arm-none-eabi/bin/../lib/gcc/arm-none-eabi/8.3.1/../../../../arm-none-eabi/lib/thumb/v7/nofp\libc.a(lib_a-vfiprintf.o)
 *fill*         0x802df62e        0x2 
 .rodata.blanks.7348
                0x802df630       0x10 d:/ml307r/ml307r_opencpu/ml307r_opencpu/ml307r_opencpu/tools/toolchain/gcc-arm-none-eabi/bin/../lib/gcc/arm-none-eabi/8.3.1/../../../../arm-none-eabi/lib/thumb/v7/nofp\libc.a(lib_a-vfiprintf.o)
 .rodata.zeroes.7349
                0x802df640       0x10 d:/ml307r/ml307r_opencpu/ml307r_opencpu/ml307r_opencpu/tools/toolchain/gcc-arm-none-eabi/bin/../lib/gcc/arm-none-eabi/8.3.1/../../../../arm-none-eabi/lib/thumb/v7/nofp\libc.a(lib_a-vfiprintf.o)
 .rodata._dtoa_r.str1.4
                0x802df650        0xd d:/ml307r/ml307r_opencpu/ml307r_opencpu/ml307r_opencpu/tools/toolchain/gcc-arm-none-eabi/bin/../lib/gcc/arm-none-eabi/8.3.1/../../../../arm-none-eabi/lib/thumb/v7/nofp\libc.a(lib_a-dtoa.o)
                                 0x12 (size before relaxing)
 *fill*         0x802df65d        0x3 
 .rodata.__hexdig
                0x802df660      0x100 d:/ml307r/ml307r_opencpu/ml307r_opencpu/ml307r_opencpu/tools/toolchain/gcc-arm-none-eabi/bin/../lib/gcc/arm-none-eabi/8.3.1/../../../../arm-none-eabi/lib/thumb/v7/nofp\libc.a(lib_a-gdtoa-gethex.o)
                0x802df660                __hexdig
 .rodata._C_numeric_locale
                0x802df760        0xc d:/ml307r/ml307r_opencpu/ml307r_opencpu/ml307r_opencpu/tools/toolchain/gcc-arm-none-eabi/bin/../lib/gcc/arm-none-eabi/8.3.1/../../../../arm-none-eabi/lib/thumb/v7/nofp\libc.a(lib_a-lnumeric.o)
                0x802df760                _C_numeric_locale
 .rodata.str1.4
                0x802df76c        0x2 d:/ml307r/ml307r_opencpu/ml307r_opencpu/ml307r_opencpu/tools/toolchain/gcc-arm-none-eabi/bin/../lib/gcc/arm-none-eabi/8.3.1/../../../../arm-none-eabi/lib/thumb/v7/nofp\libc.a(lib_a-lnumeric.o)
                                  0x5 (size before relaxing)
 *fill*         0x802df76e        0x2 
 .rodata._setlocale_r.str1.4
                0x802df770        0xc d:/ml307r/ml307r_opencpu/ml307r_opencpu/ml307r_opencpu/tools/toolchain/gcc-arm-none-eabi/bin/../lib/gcc/arm-none-eabi/8.3.1/../../../../arm-none-eabi/lib/thumb/v7/nofp\libc.a(lib_a-locale.o)
                                  0xd (size before relaxing)
 .rodata.str1.4
                0x802df77c        0x2 d:/ml307r/ml307r_opencpu/ml307r_opencpu/ml307r_opencpu/tools/toolchain/gcc-arm-none-eabi/bin/../lib/gcc/arm-none-eabi/8.3.1/../../../../arm-none-eabi/lib/thumb/v7/nofp\libc.a(lib_a-locale.o)
 .rodata._mbrtowc_r.str1.4
                0x802df77c        0x1 d:/ml307r/ml307r_opencpu/ml307r_opencpu/ml307r_opencpu/tools/toolchain/gcc-arm-none-eabi/bin/../lib/gcc/arm-none-eabi/8.3.1/../../../../arm-none-eabi/lib/thumb/v7/nofp\libc.a(lib_a-mbrtowc.o)
 *fill*         0x802df77c        0x4 
 .rodata.__mprec_bigtens
                0x802df780       0x28 d:/ml307r/ml307r_opencpu/ml307r_opencpu/ml307r_opencpu/tools/toolchain/gcc-arm-none-eabi/bin/../lib/gcc/arm-none-eabi/8.3.1/../../../../arm-none-eabi/lib/thumb/v7/nofp\libc.a(lib_a-mprec.o)
                0x802df780                __mprec_bigtens
 .rodata.__mprec_tens
                0x802df7a8       0xc8 d:/ml307r/ml307r_opencpu/ml307r_opencpu/ml307r_opencpu/tools/toolchain/gcc-arm-none-eabi/bin/../lib/gcc/arm-none-eabi/8.3.1/../../../../arm-none-eabi/lib/thumb/v7/nofp\libc.a(lib_a-mprec.o)
                0x802df7a8                __mprec_tens
 .rodata.p05.6125
                0x802df870        0xc d:/ml307r/ml307r_opencpu/ml307r_opencpu/ml307r_opencpu/tools/toolchain/gcc-arm-none-eabi/bin/../lib/gcc/arm-none-eabi/8.3.1/../../../../arm-none-eabi/lib/thumb/v7/nofp\libc.a(lib_a-mprec.o)
                0x802df87c                __rodata_vma_end = .
                0x802df880                . = ALIGN (0x8)
 *fill*         0x802df87c        0x4 
                0x802dd468                __rodata_lma_start = LOADADDR (.rodata)

.ARM.exidx      0x802df880        0x8
 .ARM.exidx     0x802df880        0x8 d:/ml307r/ml307r_opencpu/ml307r_opencpu/ml307r_opencpu/tools/toolchain/gcc-arm-none-eabi/bin/../lib/gcc/arm-none-eabi/8.3.1/thumb/v7/nofp\libgcc.a(_udivmoddi4.o)
                0x7e1d2000                . = ORIGIN (ram)
                0x7e1d2000                __ram_start = .

.sramtext       0x7e1d2000     0xbb20 load address 0x802df888
                0x7e1d2000                __sramtext_vma_start = .
 *cm_stub_dc.o(.text .text.* .gnu.linkonce.t.* .glue_7 .glue_7t .vfp11_veneer .v4_bx)
 .text          0x7e1d2000      0x880 prebuild\libs\DC\cm_stub_dc.o
                0x7e1d2000                osKernelLock
                0x7e1d2004                osKernelUnlock
                0x7e1d2008                osKernelGetTickFreq
                0x7e1d200c                osKernelGetTickCount
                0x7e1d2010                osThreadNew
                0x7e1d2014                osThreadGetName
                0x7e1d2018                osThreadGetId
                0x7e1d201c                osThreadGetState
                0x7e1d2020                osThreadGetStackSize
                0x7e1d2024                osThreadGetStackSpace
                0x7e1d2028                osThreadExit
                0x7e1d202c                osThreadTerminate
                0x7e1d2030                osThreadSetPriority
                0x7e1d2034                osThreadGetPriority
                0x7e1d2038                osThreadSuspend
                0x7e1d203c                osThreadResume
                0x7e1d2040                osThreadYield
                0x7e1d2044                osThreadGetCount
                0x7e1d2048                osDelay
                0x7e1d204c                osTimerNew
                0x7e1d2050                osTimerGetName
                0x7e1d2054                osTimerStart
                0x7e1d2058                osTimerStop
                0x7e1d205c                osTimerIsRunning
                0x7e1d2060                osTimerDelete
                0x7e1d2064                osEventFlagsNew
                0x7e1d2068                osEventFlagsSet
                0x7e1d206c                osEventFlagsGet
                0x7e1d2070                osEventFlagsClear
                0x7e1d2074                osEventFlagsWait
                0x7e1d2078                osEventFlagsDelete
                0x7e1d207c                osMutexNew
                0x7e1d2080                osMutexAcquire
                0x7e1d2084                osMutexRelease
                0x7e1d2088                osMutexGetOwner
                0x7e1d208c                osMutexDelete
                0x7e1d2090                osSemaphoreNew
                0x7e1d2094                osSemaphoreAcquire
                0x7e1d2098                osSemaphoreRelease
                0x7e1d209c                osSemaphoreGetCount
                0x7e1d20a0                osSemaphoreDelete
                0x7e1d20a4                osMessageQueueGetCapacity
                0x7e1d20a8                osMessageQueueGetMsgSize
                0x7e1d20ac                osMessageQueueGetCount
                0x7e1d20b0                osMessageQueueGetSpace
                0x7e1d20b4                osMessageQueueReset
                0x7e1d20b8                osMessageQueueDelete
                0x7e1d20bc                osMessageQueueGet
                0x7e1d20c0                osMessageQueueNew
                0x7e1d20c4                osMessageQueuePut
                0x7e1d20c8                cm_uart_open
                0x7e1d20cc                cm_uart_register_event
                0x7e1d20d0                cm_uart_close
                0x7e1d20d4                cm_uart_write
                0x7e1d20d8                cm_uart_read
                0x7e1d20dc                cm_mem_get_heap_stats
                0x7e1d20e0                cm_malloc
                0x7e1d20e4                cm_realloc
                0x7e1d20e8                cm_calloc
                0x7e1d20ec                cm_free
                0x7e1d20f0                cm_sys_get_imei
                0x7e1d20f4                cm_sys_get_sn
                0x7e1d20f8                cm_sys_get_cm_ver
                0x7e1d20fc                cm_log_printf
                0x7e1d2100                cm_fs_open
                0x7e1d2104                cm_fs_close
                0x7e1d2108                cm_fs_read
                0x7e1d210c                cm_fs_write
                0x7e1d2110                cm_fs_sync
                0x7e1d2114                cm_fs_seek
                0x7e1d2118                cm_fs_delete
                0x7e1d211c                cm_fs_move
                0x7e1d2120                cm_fs_exist
                0x7e1d2124                cm_fs_filesize
                0x7e1d2128                cm_fs_getinfo
                0x7e1d212c                cm_rtc_set_timezone
                0x7e1d2130                cm_rtc_get_timezone
                0x7e1d2134                cm_rtc_set_current_time
                0x7e1d2138                cm_rtc_get_current_time
                0x7e1d213c                cm_sim_get_imsi
                0x7e1d2140                cm_gpio_init
                0x7e1d2144                cm_gpio_deinit
                0x7e1d2148                cm_gpio_set_level
                0x7e1d214c                cm_gpio_get_level
                0x7e1d2150                cm_gpio_set_pull
                0x7e1d2154                cm_gpio_get_pull
                0x7e1d2158                cm_gpio_set_direction
                0x7e1d215c                cm_gpio_get_direction
                0x7e1d2160                cm_gpio_interrupt_register
                0x7e1d2164                cm_gpio_interrupt_enable
                0x7e1d2168                cm_gpio_interrupt_disable
                0x7e1d216c                cm_gpio_ioctl
                0x7e1d2170                cm_iomux_set_pin_func
                0x7e1d2174                cm_iomux_get_pin_func
                0x7e1d2178                cm_iomux_set_pin_cmd
                0x7e1d217c                cm_pm_reboot
                0x7e1d2180                cm_pm_poweroff
                0x7e1d2184                cm_pm_get_power_on_reason
                0x7e1d2188                cm_pm_set_mode
                0x7e1d218c                cm_pm_get_mode
                0x7e1d2190                cm_pm_work_lock
                0x7e1d2194                cm_pm_work_unlock
                0x7e1d2198                cm_pm_init
                0x7e1d219c                cm_pm_powerkey_regist_callback
                0x7e1d21a0                cm_keypad_config
                0x7e1d21a4                cm_keypad_init
                0x7e1d21a8                cm_keypad_register
                0x7e1d21ac                cm_keypad_unregister
                0x7e1d21b0                cm_keypad_deinit
                0x7e1d21b4                cm_pwm_open_ns
                0x7e1d21b8                cm_pwm_close
                0x7e1d21bc                cm_lbs_init
                0x7e1d21c0                cm_lbs_deinit
                0x7e1d21c4                cm_lbs_location
                0x7e1d21c8                cm_lbs_get_attr
                0x7e1d21cc                cm_asocket_eloop
                0x7e1d21d0                cm_asocket_open
                0x7e1d21d4                cm_asocket_connect
                0x7e1d21d8                cm_asocket_close
                0x7e1d21dc                cm_async_dns_set_priority
                0x7e1d21e0                cm_async_dns_eloop
                0x7e1d21e4                cm_async_dns_request_ex
                0x7e1d21e8                cm_async_dns_get_type_by_priority
                0x7e1d21ec                cm_get_active_cid
                0x7e1d21f0                cm_eloop_create
                0x7e1d21f4                cm_eloop_delete
                0x7e1d21f8                cm_eloop_wait_event
                0x7e1d21fc                cm_eloop_register_event
                0x7e1d2200                cm_eloop_unregister_event
                0x7e1d2204                cm_eloop_post_event
                0x7e1d2208                cm_eloop_default
                0x7e1d220c                cm_get_ipv4v6_local_addr
                0x7e1d2210                lwip_socket_init
                0x7e1d2214                lwip_accept
                0x7e1d2218                lwip_bind
                0x7e1d221c                lwip_shutdown
                0x7e1d2220                lwip_shutdown2
                0x7e1d2224                lwip_getsockname
                0x7e1d2228                lwip_getpeername
                0x7e1d222c                lwip_setsockopt
                0x7e1d2230                lwip_getsockopt
                0x7e1d2234                lwip_close
                0x7e1d2238                lwip_close2
                0x7e1d223c                lwip_connect
                0x7e1d2240                lwip_listen
                0x7e1d2244                lwip_recv
                0x7e1d2248                lwip_read
                0x7e1d224c                lwip_recvfrom
                0x7e1d2250                lwip_send
                0x7e1d2254                lwip_sendto
                0x7e1d2258                lwip_socket
                0x7e1d225c                lwip_socket_with_callback
                0x7e1d2260                lwip_write
                0x7e1d2264                lwip_select
                0x7e1d2268                lwip_ioctl
                0x7e1d226c                lwip_fcntl
                0x7e1d2270                lwip_eventfd
                0x7e1d2274                lwip_getthreaderrno
                0x7e1d2278                lwip_getsockvalid
                0x7e1d227c                lwip_getsockerrno
                0x7e1d2280                lwip_getsocktype
                0x7e1d2284                lwip_getsocknetconn
                0x7e1d2288                lwip_getsocktcppcb
                0x7e1d228c                lwip_getsockudppcb
                0x7e1d2290                lwip_get_sock_localport
                0x7e1d2294                lwip_get_sock_remoteport
                0x7e1d2298                lwip_get_sock_isipv6
                0x7e1d229c                lwip_get_sock_pdu_offset
                0x7e1d22a0                lwip_trigger_process
                0x7e1d22a4                lwip_get_sock_localipXaddr
                0x7e1d22a8                lwip_get_sock_remoteipXaddr
                0x7e1d22ac                lwip_get_sock_vlanid
                0x7e1d22b0                readn
                0x7e1d22b4                writen
                0x7e1d22b8                readline
                0x7e1d22bc                lwip_readv
                0x7e1d22c0                lwip_writev
                0x7e1d22c4                lwip_recvmsg
                0x7e1d22c8                lwip_sendmsg
                0x7e1d22cc                ipaddr_addr
                0x7e1d22d0                ipaddr_aton
                0x7e1d22d4                ipaddr_ntoa
                0x7e1d22d8                ip6addr_aton
                0x7e1d22dc                ip6addr_ntoa
                0x7e1d22e0                inet_ntop
                0x7e1d22e4                inet_pton
                0x7e1d22e8                lwip_gethostbyname
                0x7e1d22ec                lwip_getaddrinfo
                0x7e1d22f0                lwip_freeaddrinfo
                0x7e1d22f4                get_lwip_errno
                0x7e1d22f8                cm_fota_set_url
                0x7e1d22fc                cm_fota_read_config
                0x7e1d2300                cm_fota_exec_upgrade
                0x7e1d2304                cm_fota_set_reboot_time
                0x7e1d2308                cm_fota_res_callback_register
                0x7e1d230c                cm_ota_set_otasize
                0x7e1d2310                cm_ota_get_capacity
                0x7e1d2314                cm_ota_init
                0x7e1d2318                cm_ota_firmware_write
                0x7e1d231c                cm_ota_get_written_size
                0x7e1d2320                cm_ota_firmware_erase
                0x7e1d2324                cm_ota_upgrade
                0x7e1d2328                cm_httpclient_uri_encode
                0x7e1d232c                cm_httpclient_uri_encode_component
                0x7e1d2330                cm_httpclient_create
                0x7e1d2334                cm_httpclient_delete
                0x7e1d2338                cm_httpclient_is_busy
                0x7e1d233c                cm_httpclient_set_cfg
                0x7e1d2340                cm_httpclient_terminate
                0x7e1d2344                cm_httpclient_custom_header_set
                0x7e1d2348                cm_httpclient_custom_header_free
                0x7e1d234c                cm_httpclient_specific_header_set
                0x7e1d2350                cm_httpclient_specific_header_free
                0x7e1d2354                cm_httpclient_get_response_code
                0x7e1d2358                cm_httpclient_parse_header
                0x7e1d235c                cm_httpclient_sync_request
                0x7e1d2360                cm_httpclient_sync_free_data
                0x7e1d2364                cm_httpclient_request_start
                0x7e1d2368                cm_httpclient_request_send
                0x7e1d236c                cm_httpclient_request_end
                0x7e1d2370                cm_i2c_open
                0x7e1d2374                cm_i2c_close
                0x7e1d2378                cm_i2c_write
                0x7e1d237c                cm_i2c_read
                0x7e1d2380                cm_adc_read
                0x7e1d2384                cm_adc_vbat_read
                0x7e1d2388                cm_spi_open
                0x7e1d238c                cm_spi_close
                0x7e1d2390                cm_spi_write
                0x7e1d2394                cm_spi_read
                0x7e1d2398                cm_spi_write_then_read
                0x7e1d239c                cm_ssl_setopt
                0x7e1d23a0                cm_ssl_conn
                0x7e1d23a4                cm_ssl_close
                0x7e1d23a8                cm_ssl_write
                0x7e1d23ac                cm_ssl_read
                0x7e1d23b0                cm_ssl_check_pending
                0x7e1d23b4                cm_ssl_get_bytes_avail
                0x7e1d23b8                cm_cpuinfo_record_start
                0x7e1d23bc                cm_cpuinfo_record_read
                0x7e1d23c0                cm_cpuinfo_record_stop
                0x7e1d23c4                cm_cpuinfo_get_cpuid
                0x7e1d23c8                cm_audio_play_set_cfg
                0x7e1d23cc                cm_audio_play_get_cfg
                0x7e1d23d0                cm_audio_play_file
                0x7e1d23d4                cm_audio_player_pause
                0x7e1d23d8                cm_audio_player_resume
                0x7e1d23dc                cm_audio_player_stop
                0x7e1d23e0                cm_audio_player_stream_open
                0x7e1d23e4                cm_audio_player_stream_push
                0x7e1d23e8                cm_audio_player_stream_close
                0x7e1d23ec                cm_wifiscan_cfg
                0x7e1d23f0                cm_wifiscan_start
                0x7e1d23f4                cm_wifiscan_stop
                0x7e1d23f8                cm_wifiscan_query
                0x7e1d23fc                cm_virt_at_send_async
                0x7e1d2400                cm_virt_at_send_sync
                0x7e1d2404                cm_virt_at_urc_cb_reg
                0x7e1d2408                cm_virt_at_urc_cb_dereg
                0x7e1d240c                cm_sms_send_txt
                0x7e1d2410                cm_sms_send_pdu
                0x7e1d2414                cm_modem_info_cell
                0x7e1d2418                cm_modem_info_radio
                0x7e1d241c                cm_usb2com_register_recv_cb
                0x7e1d2420                cm_usb2com_send_data
                0x7e1d2424                cm_usb2com_register_status_cb
                0x7e1d2428                cm_lcd_write_cmd
                0x7e1d242c                cm_lcd_write_data
                0x7e1d2430                cm_lcd_write_buf
                0x7e1d2434                cm_lcd_init
                0x7e1d2438                cm_lcd_deinit
                0x7e1d243c                cm_lcd_read_id
 *.ram.o(.text .text.* .gnu.linkonce.t.* .glue_7 .glue_7t .vfp11_veneer .v4_bx)
 *libm.a:(.text .text.* .gnu.linkonce.t.* .glue_7 .glue_7t .vfp11_veneer .v4_bx)
 .text.nan      0x7e1d2880        0xc d:/ml307r/ml307r_opencpu/ml307r_opencpu/ml307r_opencpu/tools/toolchain/gcc-arm-none-eabi/bin/../lib/gcc/arm-none-eabi/8.3.1/../../../../arm-none-eabi/lib/thumb/v7/nofp\libm.a(lib_a-s_nan.o)
                0x7e1d2880                nan
 *libc.a:(.text .text.* .gnu.linkonce.t.* .glue_7 .glue_7t .vfp11_veneer .v4_bx)
 .text.__assert_func
                0x7e1d288c       0x44 d:/ml307r/ml307r_opencpu/ml307r_opencpu/ml307r_opencpu/tools/toolchain/gcc-arm-none-eabi/bin/../lib/gcc/arm-none-eabi/8.3.1/../../../../arm-none-eabi/lib/thumb/v7/nofp\libc.a(lib_a-assert.o)
                0x7e1d288c                __assert_func
 .text.atoi     0x7e1d28d0        0x8 d:/ml307r/ml307r_opencpu/ml307r_opencpu/ml307r_opencpu/tools/toolchain/gcc-arm-none-eabi/bin/../lib/gcc/arm-none-eabi/8.3.1/../../../../arm-none-eabi/lib/thumb/v7/nofp\libc.a(lib_a-atoi.o)
                0x7e1d28d0                atoi
 .text.fiprintf
                0x7e1d28d8       0x2c d:/ml307r/ml307r_opencpu/ml307r_opencpu/ml307r_opencpu/tools/toolchain/gcc-arm-none-eabi/bin/../lib/gcc/arm-none-eabi/8.3.1/../../../../arm-none-eabi/lib/thumb/v7/nofp\libc.a(lib_a-fiprintf.o)
                0x7e1d28d8                fiprintf
 .text.malloc   0x7e1d2904       0x10 d:/ml307r/ml307r_opencpu/ml307r_opencpu/ml307r_opencpu/tools/toolchain/gcc-arm-none-eabi/bin/../lib/gcc/arm-none-eabi/8.3.1/../../../../arm-none-eabi/lib/thumb/v7/nofp\libc.a(lib_a-malloc.o)
                0x7e1d2904                malloc
 .text.free     0x7e1d2914       0x10 d:/ml307r/ml307r_opencpu/ml307r_opencpu/ml307r_opencpu/tools/toolchain/gcc-arm-none-eabi/bin/../lib/gcc/arm-none-eabi/8.3.1/../../../../arm-none-eabi/lib/thumb/v7/nofp\libc.a(lib_a-malloc.o)
                0x7e1d2914                free
 .text._malloc_r
                0x7e1d2924      0x5a4 d:/ml307r/ml307r_opencpu/ml307r_opencpu/ml307r_opencpu/tools/toolchain/gcc-arm-none-eabi/bin/../lib/gcc/arm-none-eabi/8.3.1/../../../../arm-none-eabi/lib/thumb/v7/nofp\libc.a(lib_a-mallocr.o)
                0x7e1d2924                _malloc_r
 .text.memcmp   0x7e1d2ec8       0x60 d:/ml307r/ml307r_opencpu/ml307r_opencpu/ml307r_opencpu/tools/toolchain/gcc-arm-none-eabi/bin/../lib/gcc/arm-none-eabi/8.3.1/../../../../arm-none-eabi/lib/thumb/v7/nofp\libc.a(lib_a-memcmp.o)
                0x7e1d2ec8                memcmp
 .text          0x7e1d2f28       0xec d:/ml307r/ml307r_opencpu/ml307r_opencpu/ml307r_opencpu/tools/toolchain/gcc-arm-none-eabi/bin/../lib/gcc/arm-none-eabi/8.3.1/../../../../arm-none-eabi/lib/thumb/v7/nofp\libc.a(lib_a-memcpy.o)
                0x7e1d2f28                memcpy
 .text.memmove  0x7e1d3014       0xd0 d:/ml307r/ml307r_opencpu/ml307r_opencpu/ml307r_opencpu/tools/toolchain/gcc-arm-none-eabi/bin/../lib/gcc/arm-none-eabi/8.3.1/../../../../arm-none-eabi/lib/thumb/v7/nofp\libc.a(lib_a-memmove.o)
                0x7e1d3014                memmove
 .text.memset   0x7e1d30e4       0xa0 d:/ml307r/ml307r_opencpu/ml307r_opencpu/ml307r_opencpu/tools/toolchain/gcc-arm-none-eabi/bin/../lib/gcc/arm-none-eabi/8.3.1/../../../../arm-none-eabi/lib/thumb/v7/nofp\libc.a(lib_a-memset.o)
                0x7e1d30e4                memset
 .text.__malloc_lock
                0x7e1d3184        0xc d:/ml307r/ml307r_opencpu/ml307r_opencpu/ml307r_opencpu/tools/toolchain/gcc-arm-none-eabi/bin/../lib/gcc/arm-none-eabi/8.3.1/../../../../arm-none-eabi/lib/thumb/v7/nofp\libc.a(lib_a-mlock.o)
                0x7e1d3184                __malloc_lock
 .text.__malloc_unlock
                0x7e1d3190        0xc d:/ml307r/ml307r_opencpu/ml307r_opencpu/ml307r_opencpu/tools/toolchain/gcc-arm-none-eabi/bin/../lib/gcc/arm-none-eabi/8.3.1/../../../../arm-none-eabi/lib/thumb/v7/nofp\libc.a(lib_a-mlock.o)
                0x7e1d3190                __malloc_unlock
 .text.realloc  0x7e1d319c       0x14 d:/ml307r/ml307r_opencpu/ml307r_opencpu/ml307r_opencpu/tools/toolchain/gcc-arm-none-eabi/bin/../lib/gcc/arm-none-eabi/8.3.1/../../../../arm-none-eabi/lib/thumb/v7/nofp\libc.a(lib_a-realloc.o)
                0x7e1d319c                realloc
 .text._realloc_r
                0x7e1d31b0      0x374 d:/ml307r/ml307r_opencpu/ml307r_opencpu/ml307r_opencpu/tools/toolchain/gcc-arm-none-eabi/bin/../lib/gcc/arm-none-eabi/8.3.1/../../../../arm-none-eabi/lib/thumb/v7/nofp\libc.a(lib_a-reallocr.o)
                0x7e1d31b0                _realloc_r
 .text._sbrk_r  0x7e1d3524       0x28 d:/ml307r/ml307r_opencpu/ml307r_opencpu/ml307r_opencpu/tools/toolchain/gcc-arm-none-eabi/bin/../lib/gcc/arm-none-eabi/8.3.1/../../../../arm-none-eabi/lib/thumb/v7/nofp\libc.a(lib_a-sbrkr.o)
                0x7e1d3524                _sbrk_r
 .text.sprintf  0x7e1d354c       0x48 d:/ml307r/ml307r_opencpu/ml307r_opencpu/ml307r_opencpu/tools/toolchain/gcc-arm-none-eabi/bin/../lib/gcc/arm-none-eabi/8.3.1/../../../../arm-none-eabi/lib/thumb/v7/nofp\libc.a(lib_a-sprintf.o)
                0x7e1d354c                sprintf
 .text.sscanf   0x7e1d3594       0x5c d:/ml307r/ml307r_opencpu/ml307r_opencpu/ml307r_opencpu/tools/toolchain/gcc-arm-none-eabi/bin/../lib/gcc/arm-none-eabi/8.3.1/../../../../arm-none-eabi/lib/thumb/v7/nofp\libc.a(lib_a-sscanf.o)
                0x7e1d3594                sscanf
 .text.__sread  0x7e1d35f0       0x24 d:/ml307r/ml307r_opencpu/ml307r_opencpu/ml307r_opencpu/tools/toolchain/gcc-arm-none-eabi/bin/../lib/gcc/arm-none-eabi/8.3.1/../../../../arm-none-eabi/lib/thumb/v7/nofp\libc.a(lib_a-stdio.o)
                0x7e1d35f0                __sread
 .text.__seofread
                0x7e1d3614        0x4 d:/ml307r/ml307r_opencpu/ml307r_opencpu/ml307r_opencpu/tools/toolchain/gcc-arm-none-eabi/bin/../lib/gcc/arm-none-eabi/8.3.1/../../../../arm-none-eabi/lib/thumb/v7/nofp\libc.a(lib_a-stdio.o)
                0x7e1d3614                __seofread
 .text.__swrite
                0x7e1d3618       0x40 d:/ml307r/ml307r_opencpu/ml307r_opencpu/ml307r_opencpu/tools/toolchain/gcc-arm-none-eabi/bin/../lib/gcc/arm-none-eabi/8.3.1/../../../../arm-none-eabi/lib/thumb/v7/nofp\libc.a(lib_a-stdio.o)
                0x7e1d3618                __swrite
 .text.__sseek  0x7e1d3658       0x20 d:/ml307r/ml307r_opencpu/ml307r_opencpu/ml307r_opencpu/tools/toolchain/gcc-arm-none-eabi/bin/../lib/gcc/arm-none-eabi/8.3.1/../../../../arm-none-eabi/lib/thumb/v7/nofp\libc.a(lib_a-stdio.o)
                0x7e1d3658                __sseek
 .text.__sclose
                0x7e1d3678        0x8 d:/ml307r/ml307r_opencpu/ml307r_opencpu/ml307r_opencpu/tools/toolchain/gcc-arm-none-eabi/bin/../lib/gcc/arm-none-eabi/8.3.1/../../../../arm-none-eabi/lib/thumb/v7/nofp\libc.a(lib_a-stdio.o)
                0x7e1d3678                __sclose
 .text.strchr   0x7e1d3680       0xe4 d:/ml307r/ml307r_opencpu/ml307r_opencpu/ml307r_opencpu/tools/toolchain/gcc-arm-none-eabi/bin/../lib/gcc/arm-none-eabi/8.3.1/../../../../arm-none-eabi/lib/thumb/v7/nofp\libc.a(lib_a-strchr.o)
                0x7e1d3680                strchr
 .text          0x7e1d3764      0x1bc d:/ml307r/ml307r_opencpu/ml307r_opencpu/ml307r_opencpu/tools/toolchain/gcc-arm-none-eabi/bin/../lib/gcc/arm-none-eabi/8.3.1/../../../../arm-none-eabi/lib/thumb/v7/nofp\libc.a(lib_a-strcmp.o)
                0x7e1d3764                strcmp
 .text.strcpy   0x7e1d3920       0xbc d:/ml307r/ml307r_opencpu/ml307r_opencpu/ml307r_opencpu/tools/toolchain/gcc-arm-none-eabi/bin/../lib/gcc/arm-none-eabi/8.3.1/../../../../arm-none-eabi/lib/thumb/v7/nofp\libc.a(lib_a-strcpy.o)
                0x7e1d3920                strcpy
 .text.strlen   0x7e1d39dc       0x5c d:/ml307r/ml307r_opencpu/ml307r_opencpu/ml307r_opencpu/tools/toolchain/gcc-arm-none-eabi/bin/../lib/gcc/arm-none-eabi/8.3.1/../../../../arm-none-eabi/lib/thumb/v7/nofp\libc.a(lib_a-strlen-stub.o)
                0x7e1d39dc                strlen
 .text.strncmp  0x7e1d3a38       0xa4 d:/ml307r/ml307r_opencpu/ml307r_opencpu/ml307r_opencpu/tools/toolchain/gcc-arm-none-eabi/bin/../lib/gcc/arm-none-eabi/8.3.1/../../../../arm-none-eabi/lib/thumb/v7/nofp\libc.a(lib_a-strncmp.o)
                0x7e1d3a38                strncmp
 .text.strncpy  0x7e1d3adc       0x80 d:/ml307r/ml307r_opencpu/ml307r_opencpu/ml307r_opencpu/tools/toolchain/gcc-arm-none-eabi/bin/../lib/gcc/arm-none-eabi/8.3.1/../../../../arm-none-eabi/lib/thumb/v7/nofp\libc.a(lib_a-strncpy.o)
                0x7e1d3adc                strncpy
 .text.two_way_long_needle
                0x7e1d3b5c      0x300 d:/ml307r/ml307r_opencpu/ml307r_opencpu/ml307r_opencpu/tools/toolchain/gcc-arm-none-eabi/bin/../lib/gcc/arm-none-eabi/8.3.1/../../../../arm-none-eabi/lib/thumb/v7/nofp\libc.a(lib_a-strstr.o)
 .text.strstr   0x7e1d3e5c      0x18c d:/ml307r/ml307r_opencpu/ml307r_opencpu/ml307r_opencpu/tools/toolchain/gcc-arm-none-eabi/bin/../lib/gcc/arm-none-eabi/8.3.1/../../../../arm-none-eabi/lib/thumb/v7/nofp\libc.a(lib_a-strstr.o)
                0x7e1d3e5c                strstr
 .text.sulp     0x7e1d3fe8       0x44 d:/ml307r/ml307r_opencpu/ml307r_opencpu/ml307r_opencpu/tools/toolchain/gcc-arm-none-eabi/bin/../lib/gcc/arm-none-eabi/8.3.1/../../../../arm-none-eabi/lib/thumb/v7/nofp\libc.a(lib_a-strtod.o)
 *fill*         0x7e1d402c        0x4 
 .text._strtod_l
                0x7e1d4030      0xf84 d:/ml307r/ml307r_opencpu/ml307r_opencpu/ml307r_opencpu/tools/toolchain/gcc-arm-none-eabi/bin/../lib/gcc/arm-none-eabi/8.3.1/../../../../arm-none-eabi/lib/thumb/v7/nofp\libc.a(lib_a-strtod.o)
                0x7e1d4030                _strtod_l
 .text._strtod_r
                0x7e1d4fb4        0xc d:/ml307r/ml307r_opencpu/ml307r_opencpu/ml307r_opencpu/tools/toolchain/gcc-arm-none-eabi/bin/../lib/gcc/arm-none-eabi/8.3.1/../../../../arm-none-eabi/lib/thumb/v7/nofp\libc.a(lib_a-strtod.o)
                0x7e1d4fb4                _strtod_r
 .text.strtod   0x7e1d4fc0       0x20 d:/ml307r/ml307r_opencpu/ml307r_opencpu/ml307r_opencpu/tools/toolchain/gcc-arm-none-eabi/bin/../lib/gcc/arm-none-eabi/8.3.1/../../../../arm-none-eabi/lib/thumb/v7/nofp\libc.a(lib_a-strtod.o)
                0x7e1d4fc0                strtod
 .text._strtol_l.isra.0
                0x7e1d4fe0      0x128 d:/ml307r/ml307r_opencpu/ml307r_opencpu/ml307r_opencpu/tools/toolchain/gcc-arm-none-eabi/bin/../lib/gcc/arm-none-eabi/8.3.1/../../../../arm-none-eabi/lib/thumb/v7/nofp\libc.a(lib_a-strtol.o)
 .text._strtol_r
                0x7e1d5108        0x4 d:/ml307r/ml307r_opencpu/ml307r_opencpu/ml307r_opencpu/tools/toolchain/gcc-arm-none-eabi/bin/../lib/gcc/arm-none-eabi/8.3.1/../../../../arm-none-eabi/lib/thumb/v7/nofp\libc.a(lib_a-strtol.o)
                0x7e1d5108                _strtol_r
 .text.strtol   0x7e1d510c       0x18 d:/ml307r/ml307r_opencpu/ml307r_opencpu/ml307r_opencpu/tools/toolchain/gcc-arm-none-eabi/bin/../lib/gcc/arm-none-eabi/8.3.1/../../../../arm-none-eabi/lib/thumb/v7/nofp\libc.a(lib_a-strtol.o)
                0x7e1d510c                strtol
 .text._svfprintf_r
                0x7e1d5124     0x1a28 d:/ml307r/ml307r_opencpu/ml307r_opencpu/ml307r_opencpu/tools/toolchain/gcc-arm-none-eabi/bin/../lib/gcc/arm-none-eabi/8.3.1/../../../../arm-none-eabi/lib/thumb/v7/nofp\libc.a(lib_a-svfprintf.o)
                0x7e1d5124                _svfprintf_r
 .text.__ssvfscanf_r
                0x7e1d6b4c     0x15d0 d:/ml307r/ml307r_opencpu/ml307r_opencpu/ml307r_opencpu/tools/toolchain/gcc-arm-none-eabi/bin/../lib/gcc/arm-none-eabi/8.3.1/../../../../arm-none-eabi/lib/thumb/v7/nofp\libc.a(lib_a-svfscanf.o)
                0x7e1d6b4c                __ssvfscanf_r
 .text.__sprint_r.part.0
                0x7e1d811c       0x74 d:/ml307r/ml307r_opencpu/ml307r_opencpu/ml307r_opencpu/tools/toolchain/gcc-arm-none-eabi/bin/../lib/gcc/arm-none-eabi/8.3.1/../../../../arm-none-eabi/lib/thumb/v7/nofp\libc.a(lib_a-vfiprintf.o)
 .text._vfiprintf_r
                0x7e1d8190      0xdd4 d:/ml307r/ml307r_opencpu/ml307r_opencpu/ml307r_opencpu/tools/toolchain/gcc-arm-none-eabi/bin/../lib/gcc/arm-none-eabi/8.3.1/../../../../arm-none-eabi/lib/thumb/v7/nofp\libc.a(lib_a-vfiprintf.o)
                0x7e1d8190                _vfiprintf_r
 .text.__sbprintf
                0x7e1d8f64       0x88 d:/ml307r/ml307r_opencpu/ml307r_opencpu/ml307r_opencpu/tools/toolchain/gcc-arm-none-eabi/bin/../lib/gcc/arm-none-eabi/8.3.1/../../../../arm-none-eabi/lib/thumb/v7/nofp\libc.a(lib_a-vfiprintf.o)
 .text._write_r
                0x7e1d8fec       0x2c d:/ml307r/ml307r_opencpu/ml307r_opencpu/ml307r_opencpu/tools/toolchain/gcc-arm-none-eabi/bin/../lib/gcc/arm-none-eabi/8.3.1/../../../../arm-none-eabi/lib/thumb/v7/nofp\libc.a(lib_a-writer.o)
                0x7e1d8fec                _write_r
 .text.__swsetup_r
                0x7e1d9018       0xc8 d:/ml307r/ml307r_opencpu/ml307r_opencpu/ml307r_opencpu/tools/toolchain/gcc-arm-none-eabi/bin/../lib/gcc/arm-none-eabi/8.3.1/../../../../arm-none-eabi/lib/thumb/v7/nofp\libc.a(lib_a-wsetup.o)
                0x7e1d9018                __swsetup_r
 .text.abort    0x7e1d90e0       0x10 d:/ml307r/ml307r_opencpu/ml307r_opencpu/ml307r_opencpu/tools/toolchain/gcc-arm-none-eabi/bin/../lib/gcc/arm-none-eabi/8.3.1/../../../../arm-none-eabi/lib/thumb/v7/nofp\libc.a(lib_a-abort.o)
                0x7e1d90e0                abort
 .text._close_r
                0x7e1d90f0       0x28 d:/ml307r/ml307r_opencpu/ml307r_opencpu/ml307r_opencpu/tools/toolchain/gcc-arm-none-eabi/bin/../lib/gcc/arm-none-eabi/8.3.1/../../../../arm-none-eabi/lib/thumb/v7/nofp\libc.a(lib_a-closer.o)
                0x7e1d90f0                _close_r
 .text.quorem   0x7e1d9118      0x140 d:/ml307r/ml307r_opencpu/ml307r_opencpu/ml307r_opencpu/tools/toolchain/gcc-arm-none-eabi/bin/../lib/gcc/arm-none-eabi/8.3.1/../../../../arm-none-eabi/lib/thumb/v7/nofp\libc.a(lib_a-dtoa.o)
 .text._dtoa_r  0x7e1d9258      0xf1c d:/ml307r/ml307r_opencpu/ml307r_opencpu/ml307r_opencpu/tools/toolchain/gcc-arm-none-eabi/bin/../lib/gcc/arm-none-eabi/8.3.1/../../../../arm-none-eabi/lib/thumb/v7/nofp\libc.a(lib_a-dtoa.o)
                0x7e1d9258                _dtoa_r
 .text.__sflush_r
                0x7e1da174      0x154 d:/ml307r/ml307r_opencpu/ml307r_opencpu/ml307r_opencpu/tools/toolchain/gcc-arm-none-eabi/bin/../lib/gcc/arm-none-eabi/8.3.1/../../../../arm-none-eabi/lib/thumb/v7/nofp\libc.a(lib_a-fflush.o)
                0x7e1da174                __sflush_r
 .text._fflush_r
                0x7e1da2c8       0x5c d:/ml307r/ml307r_opencpu/ml307r_opencpu/ml307r_opencpu/tools/toolchain/gcc-arm-none-eabi/bin/../lib/gcc/arm-none-eabi/8.3.1/../../../../arm-none-eabi/lib/thumb/v7/nofp\libc.a(lib_a-fflush.o)
                0x7e1da2c8                _fflush_r
 .text.std      0x7e1da324       0x58 d:/ml307r/ml307r_opencpu/ml307r_opencpu/ml307r_opencpu/tools/toolchain/gcc-arm-none-eabi/bin/../lib/gcc/arm-none-eabi/8.3.1/../../../../arm-none-eabi/lib/thumb/v7/nofp\libc.a(lib_a-findfp.o)
 .text._cleanup_r
                0x7e1da37c        0xc d:/ml307r/ml307r_opencpu/ml307r_opencpu/ml307r_opencpu/tools/toolchain/gcc-arm-none-eabi/bin/../lib/gcc/arm-none-eabi/8.3.1/../../../../arm-none-eabi/lib/thumb/v7/nofp\libc.a(lib_a-findfp.o)
                0x7e1da37c                _cleanup_r
 .text.__sinit  0x7e1da388       0x70 d:/ml307r/ml307r_opencpu/ml307r_opencpu/ml307r_opencpu/tools/toolchain/gcc-arm-none-eabi/bin/../lib/gcc/arm-none-eabi/8.3.1/../../../../arm-none-eabi/lib/thumb/v7/nofp\libc.a(lib_a-findfp.o)
                0x7e1da388                __sinit
 .text.__sfp_lock_acquire
                0x7e1da3f8        0xc d:/ml307r/ml307r_opencpu/ml307r_opencpu/ml307r_opencpu/tools/toolchain/gcc-arm-none-eabi/bin/../lib/gcc/arm-none-eabi/8.3.1/../../../../arm-none-eabi/lib/thumb/v7/nofp\libc.a(lib_a-findfp.o)
                0x7e1da3f8                __sfp_lock_acquire
 .text.__sfp_lock_release
                0x7e1da404        0xc d:/ml307r/ml307r_opencpu/ml307r_opencpu/ml307r_opencpu/tools/toolchain/gcc-arm-none-eabi/bin/../lib/gcc/arm-none-eabi/8.3.1/../../../../arm-none-eabi/lib/thumb/v7/nofp\libc.a(lib_a-findfp.o)
                0x7e1da404                __sfp_lock_release
 .text.__fputwc
                0x7e1da410       0xb4 d:/ml307r/ml307r_opencpu/ml307r_opencpu/ml307r_opencpu/tools/toolchain/gcc-arm-none-eabi/bin/../lib/gcc/arm-none-eabi/8.3.1/../../../../arm-none-eabi/lib/thumb/v7/nofp\libc.a(lib_a-fputwc.o)
                0x7e1da410                __fputwc
 .text._fputwc_r
                0x7e1da4c4       0x64 d:/ml307r/ml307r_opencpu/ml307r_opencpu/ml307r_opencpu/tools/toolchain/gcc-arm-none-eabi/bin/../lib/gcc/arm-none-eabi/8.3.1/../../../../arm-none-eabi/lib/thumb/v7/nofp\libc.a(lib_a-fputwc.o)
                0x7e1da4c4                _fputwc_r
 .text._malloc_trim_r
                0x7e1da528       0xac d:/ml307r/ml307r_opencpu/ml307r_opencpu/ml307r_opencpu/tools/toolchain/gcc-arm-none-eabi/bin/../lib/gcc/arm-none-eabi/8.3.1/../../../../arm-none-eabi/lib/thumb/v7/nofp\libc.a(lib_a-freer.o)
                0x7e1da528                _malloc_trim_r
 .text._free_r  0x7e1da5d4      0x1fc d:/ml307r/ml307r_opencpu/ml307r_opencpu/ml307r_opencpu/tools/toolchain/gcc-arm-none-eabi/bin/../lib/gcc/arm-none-eabi/8.3.1/../../../../arm-none-eabi/lib/thumb/v7/nofp\libc.a(lib_a-freer.o)
                0x7e1da5d4                _free_r
 .text.__sfvwrite_r
                0x7e1da7d0      0x32c d:/ml307r/ml307r_opencpu/ml307r_opencpu/ml307r_opencpu/tools/toolchain/gcc-arm-none-eabi/bin/../lib/gcc/arm-none-eabi/8.3.1/../../../../arm-none-eabi/lib/thumb/v7/nofp\libc.a(lib_a-fvwrite.o)
                0x7e1da7d0                __sfvwrite_r
 .text._fwalk_reent
                0x7e1daafc       0x50 d:/ml307r/ml307r_opencpu/ml307r_opencpu/ml307r_opencpu/tools/toolchain/gcc-arm-none-eabi/bin/../lib/gcc/arm-none-eabi/8.3.1/../../../../arm-none-eabi/lib/thumb/v7/nofp\libc.a(lib_a-fwalk.o)
                0x7e1daafc                _fwalk_reent
 .text.rshift   0x7e1dab4c       0xa8 d:/ml307r/ml307r_opencpu/ml307r_opencpu/ml307r_opencpu/tools/toolchain/gcc-arm-none-eabi/bin/../lib/gcc/arm-none-eabi/8.3.1/../../../../arm-none-eabi/lib/thumb/v7/nofp\libc.a(lib_a-gdtoa-gethex.o)
 .text.__gethex
                0x7e1dabf4      0x558 d:/ml307r/ml307r_opencpu/ml307r_opencpu/ml307r_opencpu/tools/toolchain/gcc-arm-none-eabi/bin/../lib/gcc/arm-none-eabi/8.3.1/../../../../arm-none-eabi/lib/thumb/v7/nofp\libc.a(lib_a-gdtoa-gethex.o)
                0x7e1dabf4                __gethex
 .text.__match  0x7e1db14c       0x30 d:/ml307r/ml307r_opencpu/ml307r_opencpu/ml307r_opencpu/tools/toolchain/gcc-arm-none-eabi/bin/../lib/gcc/arm-none-eabi/8.3.1/../../../../arm-none-eabi/lib/thumb/v7/nofp\libc.a(lib_a-gdtoa-hexnan.o)
                0x7e1db14c                __match
 .text.__hexnan
                0x7e1db17c      0x198 d:/ml307r/ml307r_opencpu/ml307r_opencpu/ml307r_opencpu/tools/toolchain/gcc-arm-none-eabi/bin/../lib/gcc/arm-none-eabi/8.3.1/../../../../arm-none-eabi/lib/thumb/v7/nofp\libc.a(lib_a-gdtoa-hexnan.o)
                0x7e1db17c                __hexnan
 .text.iswspace
                0x7e1db314        0x8 d:/ml307r/ml307r_opencpu/ml307r_opencpu/ml307r_opencpu/tools/toolchain/gcc-arm-none-eabi/bin/../lib/gcc/arm-none-eabi/8.3.1/../../../../arm-none-eabi/lib/thumb/v7/nofp\libc.a(lib_a-iswspace.o)
                0x7e1db314                iswspace
 .text.iswspace_l
                0x7e1db31c       0x14 d:/ml307r/ml307r_opencpu/ml307r_opencpu/ml307r_opencpu/tools/toolchain/gcc-arm-none-eabi/bin/../lib/gcc/arm-none-eabi/8.3.1/../../../../arm-none-eabi/lib/thumb/v7/nofp\libc.a(lib_a-iswspace_l.o)
                0x7e1db31c                iswspace_l
 .text.__locale_mb_cur_max
                0x7e1db330       0x10 d:/ml307r/ml307r_opencpu/ml307r_opencpu/ml307r_opencpu/tools/toolchain/gcc-arm-none-eabi/bin/../lib/gcc/arm-none-eabi/8.3.1/../../../../arm-none-eabi/lib/thumb/v7/nofp\libc.a(lib_a-locale.o)
                0x7e1db330                __locale_mb_cur_max
 .text._localeconv_r
                0x7e1db340        0x8 d:/ml307r/ml307r_opencpu/ml307r_opencpu/ml307r_opencpu/tools/toolchain/gcc-arm-none-eabi/bin/../lib/gcc/arm-none-eabi/8.3.1/../../../../arm-none-eabi/lib/thumb/v7/nofp\libc.a(lib_a-localeconv.o)
                0x7e1db340                _localeconv_r
 .text.__retarget_lock_init_recursive
                0x7e1db348        0x4 d:/ml307r/ml307r_opencpu/ml307r_opencpu/ml307r_opencpu/tools/toolchain/gcc-arm-none-eabi/bin/../lib/gcc/arm-none-eabi/8.3.1/../../../../arm-none-eabi/lib/thumb/v7/nofp\libc.a(lib_a-lock.o)
                0x7e1db348                __retarget_lock_init_recursive
 .text.__retarget_lock_close_recursive
                0x7e1db34c        0x4 d:/ml307r/ml307r_opencpu/ml307r_opencpu/ml307r_opencpu/tools/toolchain/gcc-arm-none-eabi/bin/../lib/gcc/arm-none-eabi/8.3.1/../../../../arm-none-eabi/lib/thumb/v7/nofp\libc.a(lib_a-lock.o)
                0x7e1db34c                __retarget_lock_close_recursive
 .text.__retarget_lock_acquire_recursive
                0x7e1db350        0x4 d:/ml307r/ml307r_opencpu/ml307r_opencpu/ml307r_opencpu/tools/toolchain/gcc-arm-none-eabi/bin/../lib/gcc/arm-none-eabi/8.3.1/../../../../arm-none-eabi/lib/thumb/v7/nofp\libc.a(lib_a-lock.o)
                0x7e1db350                __retarget_lock_acquire_recursive
 .text.__retarget_lock_release_recursive
                0x7e1db354        0x4 d:/ml307r/ml307r_opencpu/ml307r_opencpu/ml307r_opencpu/tools/toolchain/gcc-arm-none-eabi/bin/../lib/gcc/arm-none-eabi/8.3.1/../../../../arm-none-eabi/lib/thumb/v7/nofp\libc.a(lib_a-lock.o)
                0x7e1db354                __retarget_lock_release_recursive
 .text._lseek_r
                0x7e1db358       0x2c d:/ml307r/ml307r_opencpu/ml307r_opencpu/ml307r_opencpu/tools/toolchain/gcc-arm-none-eabi/bin/../lib/gcc/arm-none-eabi/8.3.1/../../../../arm-none-eabi/lib/thumb/v7/nofp\libc.a(lib_a-lseekr.o)
                0x7e1db358                _lseek_r
 .text.__swhatbuf_r
                0x7e1db384       0x5c d:/ml307r/ml307r_opencpu/ml307r_opencpu/ml307r_opencpu/tools/toolchain/gcc-arm-none-eabi/bin/../lib/gcc/arm-none-eabi/8.3.1/../../../../arm-none-eabi/lib/thumb/v7/nofp\libc.a(lib_a-makebuf.o)
                0x7e1db384                __swhatbuf_r
 .text.__smakebuf_r
                0x7e1db3e0       0x9c d:/ml307r/ml307r_opencpu/ml307r_opencpu/ml307r_opencpu/tools/toolchain/gcc-arm-none-eabi/bin/../lib/gcc/arm-none-eabi/8.3.1/../../../../arm-none-eabi/lib/thumb/v7/nofp\libc.a(lib_a-makebuf.o)
                0x7e1db3e0                __smakebuf_r
 .text._mbrtowc_r
                0x7e1db47c       0x3c d:/ml307r/ml307r_opencpu/ml307r_opencpu/ml307r_opencpu/tools/toolchain/gcc-arm-none-eabi/bin/../lib/gcc/arm-none-eabi/8.3.1/../../../../arm-none-eabi/lib/thumb/v7/nofp\libc.a(lib_a-mbrtowc.o)
                0x7e1db47c                _mbrtowc_r
 .text.__ascii_mbtowc
                0x7e1db4b8       0x24 d:/ml307r/ml307r_opencpu/ml307r_opencpu/ml307r_opencpu/tools/toolchain/gcc-arm-none-eabi/bin/../lib/gcc/arm-none-eabi/8.3.1/../../../../arm-none-eabi/lib/thumb/v7/nofp\libc.a(lib_a-mbtowc_r.o)
                0x7e1db4b8                __ascii_mbtowc
 .text.memchr   0x7e1db4dc       0x8c d:/ml307r/ml307r_opencpu/ml307r_opencpu/ml307r_opencpu/tools/toolchain/gcc-arm-none-eabi/bin/../lib/gcc/arm-none-eabi/8.3.1/../../../../arm-none-eabi/lib/thumb/v7/nofp\libc.a(lib_a-memchr-stub.o)
                0x7e1db4dc                memchr
 .text._Balloc  0x7e1db568       0x4c d:/ml307r/ml307r_opencpu/ml307r_opencpu/ml307r_opencpu/tools/toolchain/gcc-arm-none-eabi/bin/../lib/gcc/arm-none-eabi/8.3.1/../../../../arm-none-eabi/lib/thumb/v7/nofp\libc.a(lib_a-mprec.o)
                0x7e1db568                _Balloc
 .text._Bfree   0x7e1db5b4       0x14 d:/ml307r/ml307r_opencpu/ml307r_opencpu/ml307r_opencpu/tools/toolchain/gcc-arm-none-eabi/bin/../lib/gcc/arm-none-eabi/8.3.1/../../../../arm-none-eabi/lib/thumb/v7/nofp\libc.a(lib_a-mprec.o)
                0x7e1db5b4                _Bfree
 .text.__multadd
                0x7e1db5c8       0x90 d:/ml307r/ml307r_opencpu/ml307r_opencpu/ml307r_opencpu/tools/toolchain/gcc-arm-none-eabi/bin/../lib/gcc/arm-none-eabi/8.3.1/../../../../arm-none-eabi/lib/thumb/v7/nofp\libc.a(lib_a-mprec.o)
                0x7e1db5c8                __multadd
 .text.__s2b    0x7e1db658       0x98 d:/ml307r/ml307r_opencpu/ml307r_opencpu/ml307r_opencpu/tools/toolchain/gcc-arm-none-eabi/bin/../lib/gcc/arm-none-eabi/8.3.1/../../../../arm-none-eabi/lib/thumb/v7/nofp\libc.a(lib_a-mprec.o)
                0x7e1db658                __s2b
 .text.__hi0bits
                0x7e1db6f0       0x40 d:/ml307r/ml307r_opencpu/ml307r_opencpu/ml307r_opencpu/tools/toolchain/gcc-arm-none-eabi/bin/../lib/gcc/arm-none-eabi/8.3.1/../../../../arm-none-eabi/lib/thumb/v7/nofp\libc.a(lib_a-mprec.o)
                0x7e1db6f0                __hi0bits
 .text.__lo0bits
                0x7e1db730       0x5c d:/ml307r/ml307r_opencpu/ml307r_opencpu/ml307r_opencpu/tools/toolchain/gcc-arm-none-eabi/bin/../lib/gcc/arm-none-eabi/8.3.1/../../../../arm-none-eabi/lib/thumb/v7/nofp\libc.a(lib_a-mprec.o)
                0x7e1db730                __lo0bits
 .text.__i2b    0x7e1db78c       0x14 d:/ml307r/ml307r_opencpu/ml307r_opencpu/ml307r_opencpu/tools/toolchain/gcc-arm-none-eabi/bin/../lib/gcc/arm-none-eabi/8.3.1/../../../../arm-none-eabi/lib/thumb/v7/nofp\libc.a(lib_a-mprec.o)
                0x7e1db78c                __i2b
 .text.__multiply
                0x7e1db7a0      0x140 d:/ml307r/ml307r_opencpu/ml307r_opencpu/ml307r_opencpu/tools/toolchain/gcc-arm-none-eabi/bin/../lib/gcc/arm-none-eabi/8.3.1/../../../../arm-none-eabi/lib/thumb/v7/nofp\libc.a(lib_a-mprec.o)
                0x7e1db7a0                __multiply
 .text.__pow5mult
                0x7e1db8e0       0xa4 d:/ml307r/ml307r_opencpu/ml307r_opencpu/ml307r_opencpu/tools/toolchain/gcc-arm-none-eabi/bin/../lib/gcc/arm-none-eabi/8.3.1/../../../../arm-none-eabi/lib/thumb/v7/nofp\libc.a(lib_a-mprec.o)
                0x7e1db8e0                __pow5mult
 .text.__lshift
                0x7e1db984       0xbc d:/ml307r/ml307r_opencpu/ml307r_opencpu/ml307r_opencpu/tools/toolchain/gcc-arm-none-eabi/bin/../lib/gcc/arm-none-eabi/8.3.1/../../../../arm-none-eabi/lib/thumb/v7/nofp\libc.a(lib_a-mprec.o)
                0x7e1db984                __lshift
 .text.__mcmp   0x7e1dba40       0x3c d:/ml307r/ml307r_opencpu/ml307r_opencpu/ml307r_opencpu/tools/toolchain/gcc-arm-none-eabi/bin/../lib/gcc/arm-none-eabi/8.3.1/../../../../arm-none-eabi/lib/thumb/v7/nofp\libc.a(lib_a-mprec.o)
                0x7e1dba40                __mcmp
 .text.__mdiff  0x7e1dba7c      0x108 d:/ml307r/ml307r_opencpu/ml307r_opencpu/ml307r_opencpu/tools/toolchain/gcc-arm-none-eabi/bin/../lib/gcc/arm-none-eabi/8.3.1/../../../../arm-none-eabi/lib/thumb/v7/nofp\libc.a(lib_a-mprec.o)
                0x7e1dba7c                __mdiff
 .text.__ulp    0x7e1dbb84       0x40 d:/ml307r/ml307r_opencpu/ml307r_opencpu/ml307r_opencpu/tools/toolchain/gcc-arm-none-eabi/bin/../lib/gcc/arm-none-eabi/8.3.1/../../../../arm-none-eabi/lib/thumb/v7/nofp\libc.a(lib_a-mprec.o)
                0x7e1dbb84                __ulp
 .text.__b2d    0x7e1dbbc4       0xc4 d:/ml307r/ml307r_opencpu/ml307r_opencpu/ml307r_opencpu/tools/toolchain/gcc-arm-none-eabi/bin/../lib/gcc/arm-none-eabi/8.3.1/../../../../arm-none-eabi/lib/thumb/v7/nofp\libc.a(lib_a-mprec.o)
                0x7e1dbbc4                __b2d
 .text.__d2b    0x7e1dbc88       0xac d:/ml307r/ml307r_opencpu/ml307r_opencpu/ml307r_opencpu/tools/toolchain/gcc-arm-none-eabi/bin/../lib/gcc/arm-none-eabi/8.3.1/../../../../arm-none-eabi/lib/thumb/v7/nofp\libc.a(lib_a-mprec.o)
                0x7e1dbc88                __d2b
 .text.__ratio  0x7e1dbd34       0x58 d:/ml307r/ml307r_opencpu/ml307r_opencpu/ml307r_opencpu/tools/toolchain/gcc-arm-none-eabi/bin/../lib/gcc/arm-none-eabi/8.3.1/../../../../arm-none-eabi/lib/thumb/v7/nofp\libc.a(lib_a-mprec.o)
                0x7e1dbd34                __ratio
 .text.__copybits
                0x7e1dbd8c       0x48 d:/ml307r/ml307r_opencpu/ml307r_opencpu/ml307r_opencpu/tools/toolchain/gcc-arm-none-eabi/bin/../lib/gcc/arm-none-eabi/8.3.1/../../../../arm-none-eabi/lib/thumb/v7/nofp\libc.a(lib_a-mprec.o)
                0x7e1dbd8c                __copybits
 .text.__any_on